{"step": 1, "loss": 0.04349816218018532, "gradient_norm": 0.16869528591632843, "bce": 0.032667286694049835, "soft_score": 0.4993870258331299, "soft_tail": 0.4928327798843384, "csi_nmse": 1.08308744430542}
{"step": 100, "loss": 0.008255865424871445, "gradient_norm": 0.02418435551226139, "bce": -0.001811327412724495, "soft_score": 0.5011289119720459, "soft_tail": 0.49956387281417847, "csi_nmse": 1.0067193508148193}
{"step": 200, "loss": -0.04665650054812431, "gradient_norm": 0.062488067895174026, "bce": -0.05624321848154068, "soft_score": 0.5459469556808472, "soft_tail": 0.49853581190109253, "csi_nmse": 0.9586719274520874}
{"step": 300, "loss": -0.053981781005859375, "gradient_norm": 0.06215987354516983, "bce": -0.06328687816858292, "soft_score": 0.5471329689025879, "soft_tail": 0.4993395209312439, "csi_nmse": 0.9305096864700317}
{"step": 400, "loss": -0.07736698538064957, "gradient_norm": 0.09779152274131775, "bce": -0.08635913580656052, "soft_score": 0.5682272911071777, "soft_tail": 0.4996127784252167, "csi_nmse": 0.8992153406143188}
{"step": 500, "loss": -0.09221894294023514, "gradient_norm": 0.10556907951831818, "bce": -0.10115327686071396, "soft_score": 0.580772876739502, "soft_tail": 0.4989122152328491, "csi_nmse": 0.8934335708618164}
{"step": 600, "loss": -0.09698639810085297, "gradient_norm": 0.16472823917865753, "bce": -0.10578852891921997, "soft_score": 0.5798376202583313, "soft_tail": 0.49922192096710205, "csi_nmse": 0.8802132606506348}
{"step": 700, "loss": -0.10153398662805557, "gradient_norm": 0.09940923750400543, "bce": -0.11052972078323364, "soft_score": 0.5819276571273804, "soft_tail": 0.49956756830215454, "csi_nmse": 0.8995734453201294}
{"step": 800, "loss": -0.09656418859958649, "gradient_norm": 0.12116039544343948, "bce": -0.10554694384336472, "soft_score": 0.5788533687591553, "soft_tail": 0.4991660416126251, "csi_nmse": 0.8982754945755005}
{"step": 900, "loss": -0.11118464916944504, "gradient_norm": 0.11577729880809784, "bce": -0.12067963182926178, "soft_score": 0.5965201258659363, "soft_tail": 0.4995100796222687, "csi_nmse": 0.9494984149932861}
{"step": 1000, "loss": -0.1261487603187561, "gradient_norm": 0.17490239441394806, "bce": -0.13479581475257874, "soft_score": 0.60373854637146, "soft_tail": 0.49967291951179504, "csi_nmse": 0.8647052049636841}
{"step": 1000, "validation_score": 58.73106307983398, "best": 58.73106307983398}
{"step": 1100, "loss": -0.12638752162456512, "gradient_norm": 0.22573688626289368, "bce": -0.13511121273040771, "soft_score": 0.6041431427001953, "soft_tail": 0.4995587170124054, "csi_nmse": 0.8723688125610352}
{"step": 1200, "loss": -0.128315731883049, "gradient_norm": 0.19542083144187927, "bce": -0.13702212274074554, "soft_score": 0.6043599843978882, "soft_tail": 0.49953290820121765, "csi_nmse": 0.8706389665603638}
{"step": 1300, "loss": -0.13672670722007751, "gradient_norm": 0.24853931367397308, "bce": -0.14533106982707977, "soft_score": 0.6118217706680298, "soft_tail": 0.4998135566711426, "csi_nmse": 0.8604369163513184}
{"step": 1400, "loss": -0.11481648683547974, "gradient_norm": 0.14063839614391327, "bce": -0.12349088490009308, "soft_score": 0.5961750149726868, "soft_tail": 0.4998398423194885, "csi_nmse": 0.8674399256706238}
{"step": 1500, "loss": -0.14158153533935547, "gradient_norm": 0.16443011164665222, "bce": -0.15033602714538574, "soft_score": 0.613296389579773, "soft_tail": 0.4997464418411255, "csi_nmse": 0.8754496574401855}
{"step": 1600, "loss": -0.1318201869726181, "gradient_norm": 0.1389310657978058, "bce": -0.14054545760154724, "soft_score": 0.6070682406425476, "soft_tail": 0.49965283274650574, "csi_nmse": 0.8725277781486511}
{"step": 1700, "loss": -0.11469044536352158, "gradient_norm": 0.1568530648946762, "bce": -0.12351006269454956, "soft_score": 0.5917842984199524, "soft_tail": 0.49979957938194275, "csi_nmse": 0.8819617629051208}
{"step": 1800, "loss": -0.14855556190013885, "gradient_norm": 0.21409979462623596, "bce": -0.1570311188697815, "soft_score": 0.6211215853691101, "soft_tail": 0.4997617304325104, "csi_nmse": 0.8475552201271057}
{"step": 1900, "loss": -0.13099552690982819, "gradient_norm": 0.18043899536132812, "bce": -0.13962291181087494, "soft_score": 0.6094284653663635, "soft_tail": 0.49974915385246277, "csi_nmse": 0.8627386689186096}
{"step": 2000, "loss": -0.13803169131278992, "gradient_norm": 0.16364334523677826, "bce": -0.14662109315395355, "soft_score": 0.6124242544174194, "soft_tail": 0.4997625946998596, "csi_nmse": 0.8589401245117188}
{"step": 2000, "validation_score": 59.04919700622558, "best": 59.04919700622558}
{"step": 2100, "loss": -0.15834015607833862, "gradient_norm": 0.1353750228881836, "bce": -0.16704575717449188, "soft_score": 0.6284104585647583, "soft_tail": 0.49974727630615234, "csi_nmse": 0.8705607652664185}
{"step": 2200, "loss": -0.13885816931724548, "gradient_norm": 0.1549072265625, "bce": -0.14752240478992462, "soft_score": 0.6112785339355469, "soft_tail": 0.4998234212398529, "csi_nmse": 0.8664238452911377}
{"step": 2300, "loss": -0.14411546289920807, "gradient_norm": 0.24432618916034698, "bce": -0.15285995602607727, "soft_score": 0.6159285306930542, "soft_tail": 0.49957430362701416, "csi_nmse": 0.8744494915008545}
{"step": 2400, "loss": -0.15269266068935394, "gradient_norm": 0.18741387128829956, "bce": -0.16115647554397583, "soft_score": 0.6268616914749146, "soft_tail": 0.4996490478515625, "csi_nmse": 0.8463817238807678}
{"step": 2500, "loss": -0.12990956008434296, "gradient_norm": 0.18351352214813232, "bce": -0.13838526606559753, "soft_score": 0.6098713278770447, "soft_tail": 0.49910563230514526, "csi_nmse": 0.8475701808929443}
{"step": 2600, "loss": -0.15527115762233734, "gradient_norm": 0.13837109506130219, "bce": -0.16385981440544128, "soft_score": 0.6227821111679077, "soft_tail": 0.49966511130332947, "csi_nmse": 0.8588652610778809}
{"step": 2700, "loss": -0.13562974333763123, "gradient_norm": 0.11924748867750168, "bce": -0.14422623813152313, "soft_score": 0.609167218208313, "soft_tail": 0.4996611475944519, "csi_nmse": 0.8596494197845459}
{"step": 2800, "loss": -0.1464213877916336, "gradient_norm": 0.17396780848503113, "bce": -0.15522566437721252, "soft_score": 0.6173177361488342, "soft_tail": 0.49975305795669556, "csi_nmse": 0.8804280161857605}
{"step": 2900, "loss": -0.14517338573932648, "gradient_norm": 0.16348420083522797, "bce": -0.1536305844783783, "soft_score": 0.6149692535400391, "soft_tail": 0.49935972690582275, "csi_nmse": 0.8457205891609192}
{"step": 3000, "loss": -0.13628877699375153, "gradient_norm": 0.13420115411281586, "bce": -0.1449749767780304, "soft_score": 0.6103120446205139, "soft_tail": 0.4997337758541107, "csi_nmse": 0.8686197996139526}
{"step": 3000, "validation_score": 59.258125686645506, "best": 59.258125686645506}
{"step": 3100, "loss": -0.14936424791812897, "gradient_norm": 0.12819233536720276, "bce": -0.1577705442905426, "soft_score": 0.6206094622612, "soft_tail": 0.4997119903564453, "csi_nmse": 0.840628981590271}
{"step": 3200, "loss": -0.15006095170974731, "gradient_norm": 0.19237364828586578, "bce": -0.158562570810318, "soft_score": 0.6214854717254639, "soft_tail": 0.49975329637527466, "csi_nmse": 0.8501625061035156}
{"step": 3300, "loss": -0.13980892300605774, "gradient_norm": 0.13439513742923737, "bce": -0.14854899048805237, "soft_score": 0.6123780012130737, "soft_tail": 0.49982547760009766, "csi_nmse": 0.8740071654319763}
{"step": 3400, "loss": -0.1469402015209198, "gradient_norm": 0.13424375653266907, "bce": -0.1554240882396698, "soft_score": 0.6171699166297913, "soft_tail": 0.4997696578502655, "csi_nmse": 0.848389208316803}
{"step": 3500, "loss": -0.15031740069389343, "gradient_norm": 0.17237496376037598, "bce": -0.15888017416000366, "soft_score": 0.6207195520401001, "soft_tail": 0.49970918893814087, "csi_nmse": 0.8562780618667603}
{"step": 3600, "loss": -0.15759441256523132, "gradient_norm": 0.1527121663093567, "bce": -0.1661546528339386, "soft_score": 0.626239001750946, "soft_tail": 0.4998524785041809, "csi_nmse": 0.8560243844985962}
{"step": 3700, "loss": -0.15000678598880768, "gradient_norm": 0.1792498230934143, "bce": -0.15875090658664703, "soft_score": 0.6234411597251892, "soft_tail": 0.49974387884140015, "csi_nmse": 0.8744114637374878}
{"step": 3800, "loss": -0.13500021398067474, "gradient_norm": 0.15910190343856812, "bce": -0.1438860446214676, "soft_score": 0.6092475652694702, "soft_tail": 0.499684602022171, "csi_nmse": 0.8885828256607056}
{"step": 3900, "loss": -0.1534765064716339, "gradient_norm": 0.20560944080352783, "bce": -0.1621401011943817, "soft_score": 0.6256165504455566, "soft_tail": 0.4996958374977112, "csi_nmse": 0.8663592338562012}
{"step": 4000, "loss": -0.15603654086589813, "gradient_norm": 0.21903835237026215, "bce": -0.164646178483963, "soft_score": 0.6252124309539795, "soft_tail": 0.49966806173324585, "csi_nmse": 0.8609631061553955}
{"step": 4000, "validation_score": 60.27427711486816, "best": 60.27427711486816}
{"step": 4100, "loss": -0.15818136930465698, "gradient_norm": 0.297544926404953, "bce": -0.1685769259929657, "soft_score": 0.6285954713821411, "soft_tail": 0.4995233118534088, "csi_nmse": 0.8670257925987244}
{"step": 4200, "loss": -0.15193019807338715, "gradient_norm": 0.16759024560451508, "bce": -0.16399431228637695, "soft_score": 0.6231564283370972, "soft_tail": 0.4994618594646454, "csi_nmse": 0.8609116077423096}
{"step": 4300, "loss": -0.16369745135307312, "gradient_norm": 0.16215799748897552, "bce": -0.17747007310390472, "soft_score": 0.6362243890762329, "soft_tail": 0.4995807111263275, "csi_nmse": 0.8587327599525452}
{"step": 4400, "loss": -0.14749591052532196, "gradient_norm": 0.23940302431583405, "bce": -0.16306734085083008, "soft_score": 0.6259487867355347, "soft_tail": 0.49970149993896484, "csi_nmse": 0.8699347376823425}
{"step": 4500, "loss": -0.1466587632894516, "gradient_norm": 0.1601671725511551, "bce": -0.16387739777565002, "soft_score": 0.6280595064163208, "soft_tail": 0.49972569942474365, "csi_nmse": 0.8644887208938599}
{"step": 4600, "loss": -0.15288858115673065, "gradient_norm": 0.18011534214019775, "bce": -0.17169126868247986, "soft_score": 0.6350455284118652, "soft_tail": 0.4997282028198242, "csi_nmse": 0.8501778841018677}
{"step": 4700, "loss": -0.15436185896396637, "gradient_norm": 0.16810625791549683, "bce": -0.17500239610671997, "soft_score": 0.6324358582496643, "soft_tail": 0.49899864196777344, "csi_nmse": 0.8515360355377197}
{"step": 4800, "loss": -0.14687426388263702, "gradient_norm": 0.14087483286857605, "bce": -0.16950079798698425, "soft_score": 0.6282165050506592, "soft_tail": 0.49953195452690125, "csi_nmse": 0.8798050284385681}
{"step": 4900, "loss": -0.13487347960472107, "gradient_norm": 0.19722400605678558, "bce": -0.15877115726470947, "soft_score": 0.6247172355651855, "soft_tail": 0.499758780002594, "csi_nmse": 0.8504835367202759}
{"step": 5000, "loss": -0.14995701611042023, "gradient_norm": 0.1842486709356308, "bce": -0.17574414610862732, "soft_score": 0.6360437870025635, "soft_tail": 0.4996195435523987, "csi_nmse": 0.8541781902313232}
{"step": 5000, "validation_score": 60.49643974304199, "best": 60.49643974304199}
{"step": 5100, "loss": -0.1280278116464615, "gradient_norm": 0.14482995867729187, "bce": -0.15565726161003113, "soft_score": 0.6178183555603027, "soft_tail": 0.49970290064811707, "csi_nmse": 0.8711428642272949}
{"step": 5200, "loss": -0.12643568217754364, "gradient_norm": 0.14208941161632538, "bce": -0.15583866834640503, "soft_score": 0.6205887198448181, "soft_tail": 0.4995095431804657, "csi_nmse": 0.8841086030006409}
{"step": 5300, "loss": -0.13015705347061157, "gradient_norm": 0.18267419934272766, "bce": -0.16111034154891968, "soft_score": 0.6248331069946289, "soft_tail": 0.4998367726802826, "csi_nmse": 0.86476731300354}
{"step": 5400, "loss": -0.13857978582382202, "gradient_norm": 0.1916843205690384, "bce": -0.17132382094860077, "soft_score": 0.6324968338012695, "soft_tail": 0.4996984899044037, "csi_nmse": 0.8631935119628906}
{"step": 5500, "loss": -0.1353367120027542, "gradient_norm": 0.147648423910141, "bce": -0.1699216067790985, "soft_score": 0.6292616724967957, "soft_tail": 0.49959951639175415, "csi_nmse": 0.8680626153945923}
{"step": 5600, "loss": -0.13863582909107208, "gradient_norm": 0.17361140251159668, "bce": -0.17488673329353333, "soft_score": 0.6332749128341675, "soft_tail": 0.49967992305755615, "csi_nmse": 0.8582586050033569}
{"step": 5700, "loss": -0.13230107724666595, "gradient_norm": 0.16506117582321167, "bce": -0.1700887382030487, "soft_score": 0.6321869492530823, "soft_tail": 0.4996495842933655, "csi_nmse": 0.8547366261482239}
{"step": 5800, "loss": -0.10687573254108429, "gradient_norm": 0.11863575875759125, "bce": -0.14660467207431793, "soft_score": 0.6129919290542603, "soft_tail": 0.4996962249279022, "csi_nmse": 0.8962270617485046}
{"step": 5900, "loss": -0.13408076763153076, "gradient_norm": 0.25541892647743225, "bce": -0.17565476894378662, "soft_score": 0.6335898041725159, "soft_tail": 0.49950364232063293, "csi_nmse": 0.8693844079971313}
{"step": 6000, "loss": -0.11774488538503647, "gradient_norm": 0.20662888884544373, "bce": -0.16095861792564392, "soft_score": 0.624451756477356, "soft_tail": 0.4995524287223816, "csi_nmse": 0.8881668448448181}
{"step": 6000, "validation_score": 61.06153678894043, "best": 61.06153678894043}
{"step": 6100, "loss": -0.12528365850448608, "gradient_norm": 0.1919165998697281, "bce": -0.17059995234012604, "soft_score": 0.6322680711746216, "soft_tail": 0.4996648132801056, "csi_nmse": 0.9173581600189209}
{"step": 6200, "loss": -0.10349515825510025, "gradient_norm": 0.15292133390903473, "bce": -0.14996418356895447, "soft_score": 0.6154694557189941, "soft_tail": 0.4996996223926544, "csi_nmse": 0.8816860914230347}
{"step": 6300, "loss": -0.13741597533226013, "gradient_norm": 0.16029484570026398, "bce": -0.1859939694404602, "soft_score": 0.6420308947563171, "soft_tail": 0.4995758831501007, "csi_nmse": 0.8667803406715393}
{"step": 6400, "loss": -0.14166781306266785, "gradient_norm": 0.18135255575180054, "bce": -0.19213996827602386, "soft_score": 0.6462247967720032, "soft_tail": 0.4996444284915924, "csi_nmse": 0.8710839152336121}
{"step": 6500, "loss": -0.13808399438858032, "gradient_norm": 0.18562470376491547, "bce": -0.19020956754684448, "soft_score": 0.6451555490493774, "soft_tail": 0.4997745156288147, "csi_nmse": 0.868047833442688}
{"step": 6600, "loss": -0.14338867366313934, "gradient_norm": 0.21324115991592407, "bce": -0.1972014307975769, "soft_score": 0.6509082317352295, "soft_tail": 0.4997580349445343, "csi_nmse": 0.85489821434021}
{"step": 6700, "loss": -0.1260930746793747, "gradient_norm": 0.3072379529476166, "bce": -0.1808951497077942, "soft_score": 0.645403265953064, "soft_tail": 0.4997502565383911, "csi_nmse": 0.8526293039321899}
{"step": 6800, "loss": -0.12050233781337738, "gradient_norm": 0.22969529032707214, "bce": -0.1776355803012848, "soft_score": 0.636728048324585, "soft_tail": 0.4992835223674774, "csi_nmse": 0.8754671812057495}
{"step": 6900, "loss": -0.1150587722659111, "gradient_norm": 0.1971827745437622, "bce": -0.17400041222572327, "soft_score": 0.6323269009590149, "soft_tail": 0.4994499385356903, "csi_nmse": 0.8783352971076965}
{"step": 7000, "loss": -0.1367768943309784, "gradient_norm": 0.2845531105995178, "bce": -0.19729986786842346, "soft_score": 0.6539889574050903, "soft_tail": 0.4996424913406372, "csi_nmse": 0.8516590595245361}
{"step": 7000, "validation_score": 61.27047080993652, "best": 61.27047080993652}
{"step": 7100, "loss": -0.10508278757333755, "gradient_norm": 0.17425444722175598, "bce": -0.16696898639202118, "soft_score": 0.6312319040298462, "soft_tail": 0.499763548374176, "csi_nmse": 0.8736074566841125}
{"step": 7200, "loss": -0.11997002363204956, "gradient_norm": 0.22958829998970032, "bce": -0.18435817956924438, "soft_score": 0.6386374235153198, "soft_tail": 0.4995008707046509, "csi_nmse": 0.8718522787094116}
{"step": 7300, "loss": -0.12106439471244812, "gradient_norm": 0.18046878278255463, "bce": -0.18687696754932404, "soft_score": 0.6430342197418213, "soft_tail": 0.4997965693473816, "csi_nmse": 0.8565516471862793}
{"step": 7400, "loss": -0.11849521100521088, "gradient_norm": 0.18232473731040955, "bce": -0.1859356313943863, "soft_score": 0.6446142196655273, "soft_tail": 0.49977800250053406, "csi_nmse": 0.8672429323196411}
{"step": 7500, "loss": -0.10417799651622772, "gradient_norm": 0.25964590907096863, "bce": -0.17340955138206482, "soft_score": 0.6328913569450378, "soft_tail": 0.49958503246307373, "csi_nmse": 0.8800328969955444}
{"step": 7600, "loss": -0.11762535572052002, "gradient_norm": 0.20638327300548553, "bce": -0.18864703178405762, "soft_score": 0.645768404006958, "soft_tail": 0.4998210072517395, "csi_nmse": 0.865776538848877}
{"step": 7700, "loss": -0.1069994792342186, "gradient_norm": 0.14769110083580017, "bce": -0.1799914538860321, "soft_score": 0.6358707547187805, "soft_tail": 0.499433308839798, "csi_nmse": 0.8770089149475098}
{"step": 7800, "loss": -0.12221388518810272, "gradient_norm": 0.237045556306839, "bce": -0.19685260951519012, "soft_score": 0.6512850522994995, "soft_tail": 0.49945977330207825, "csi_nmse": 0.8544402718544006}
{"step": 7900, "loss": -0.08877997100353241, "gradient_norm": 0.19730941951274872, "bce": -0.16476961970329285, "soft_score": 0.625651478767395, "soft_tail": 0.4994826018810272, "csi_nmse": 0.8785492777824402}
{"step": 8000, "loss": -0.11524167656898499, "gradient_norm": 0.29562509059906006, "bce": -0.19333983957767487, "soft_score": 0.6468867063522339, "soft_tail": 0.49974676966667175, "csi_nmse": 0.844525158405304}
{"step": 8000, "validation_score": 61.32993278503418, "best": 61.32993278503418}
{"step": 8100, "loss": -0.10593244433403015, "gradient_norm": 0.21750657260417938, "bce": -0.184101402759552, "soft_score": 0.6396626234054565, "soft_tail": 0.49981287121772766, "csi_nmse": 0.8719463348388672}
{"step": 8200, "loss": -0.10102251917123795, "gradient_norm": 0.23495171964168549, "bce": -0.1786254197359085, "soft_score": 0.6388732194900513, "soft_tail": 0.4998062551021576, "csi_nmse": 0.8621866703033447}
{"step": 8300, "loss": -0.10388639569282532, "gradient_norm": 0.18754687905311584, "bce": -0.18233278393745422, "soft_score": 0.6360386610031128, "soft_tail": 0.4997861981391907, "csi_nmse": 0.8810558915138245}
{"step": 8400, "loss": -0.1291053146123886, "gradient_norm": 0.2811983823776245, "bce": -0.2078319936990738, "soft_score": 0.6567713022232056, "soft_tail": 0.4997314214706421, "csi_nmse": 0.8612542152404785}
{"step": 8500, "loss": -0.11233654618263245, "gradient_norm": 0.15204396843910217, "bce": -0.19027206301689148, "soft_score": 0.6459633708000183, "soft_tail": 0.49974963068962097, "csi_nmse": 0.849711537361145}
{"step": 8600, "loss": -0.11731801182031631, "gradient_norm": 0.19476279616355896, "bce": -0.19557876884937286, "soft_score": 0.650183916091919, "soft_tail": 0.499676913022995, "csi_nmse": 0.8711585402488708}
{"step": 8700, "loss": -0.10726828128099442, "gradient_norm": 0.1782051920890808, "bce": -0.18533286452293396, "soft_score": 0.6413569450378418, "soft_tail": 0.49961361289024353, "csi_nmse": 0.8655388951301575}
{"step": 8800, "loss": -0.09528432041406631, "gradient_norm": 0.324490487575531, "bce": -0.17315784096717834, "soft_score": 0.632861316204071, "soft_tail": 0.49969732761383057, "csi_nmse": 0.8834781050682068}
{"step": 8900, "loss": -0.07913509011268616, "gradient_norm": 0.15443523228168488, "bce": -0.15654510259628296, "soft_score": 0.6216137409210205, "soft_tail": 0.4996306300163269, "csi_nmse": 0.8905789256095886}
{"step": 9000, "loss": -0.12190788239240646, "gradient_norm": 0.4014621675014496, "bce": -0.19971145689487457, "soft_score": 0.6571906805038452, "soft_tail": 0.499580055475235, "csi_nmse": 0.8538908958435059}
{"step": 9000, "validation_score": 61.4050853729248, "best": 61.4050853729248}
{"step": 9100, "loss": -0.1045328825712204, "gradient_norm": 0.14020083844661713, "bce": -0.18276628851890564, "soft_score": 0.6396464109420776, "soft_tail": 0.4997500777244568, "csi_nmse": 0.8913916349411011}
{"step": 9200, "loss": -0.11838731169700623, "gradient_norm": 0.23304736614227295, "bce": -0.1969018280506134, "soft_score": 0.6487637758255005, "soft_tail": 0.4996655285358429, "csi_nmse": 0.8690682649612427}
{"step": 9300, "loss": -0.09559030830860138, "gradient_norm": 0.23839211463928223, "bce": -0.173375204205513, "soft_score": 0.6342326402664185, "soft_tail": 0.49968579411506653, "csi_nmse": 0.8861205577850342}
{"step": 9400, "loss": -0.08808770775794983, "gradient_norm": 0.1885787546634674, "bce": -0.1655082255601883, "soft_score": 0.6299540996551514, "soft_tail": 0.49942106008529663, "csi_nmse": 0.8847737908363342}
{"step": 9500, "loss": -0.09848101437091827, "gradient_norm": 0.18559953570365906, "bce": -0.1765786111354828, "soft_score": 0.6335800886154175, "soft_tail": 0.49959343671798706, "csi_nmse": 0.8785545825958252}
{"step": 9600, "loss": -0.09592829644680023, "gradient_norm": 0.2483191341161728, "bce": -0.17339709401130676, "soft_score": 0.635658323764801, "soft_tail": 0.49968549609184265, "csi_nmse": 0.8685486316680908}
{"step": 9700, "loss": -0.09067389369010925, "gradient_norm": 0.17367331683635712, "bce": -0.16862760484218597, "soft_score": 0.6291725635528564, "soft_tail": 0.4997638463973999, "csi_nmse": 0.9001113176345825}
{"step": 9800, "loss": -0.10286124795675278, "gradient_norm": 0.15399916470050812, "bce": -0.18201951682567596, "soft_score": 0.6388247609138489, "soft_tail": 0.4997572600841522, "csi_nmse": 0.9831501245498657}
{"step": 9900, "loss": -0.11462318897247314, "gradient_norm": 0.1761186122894287, "bce": -0.1927851289510727, "soft_score": 0.6479542255401611, "soft_tail": 0.49977144598960876, "csi_nmse": 0.8671997785568237}
{"step": 10000, "loss": -0.10004168748855591, "gradient_norm": 0.20590530335903168, "bce": -0.17807145416736603, "soft_score": 0.6375123262405396, "soft_tail": 0.49958908557891846, "csi_nmse": 0.8961516618728638}
{"step": 10000, "validation_score": 61.449716567993164, "best": 61.449716567993164}
{"step": 10100, "loss": -0.1334644854068756, "gradient_norm": 0.18764141201972961, "bce": -0.21216993033885956, "soft_score": 0.6608739495277405, "soft_tail": 0.4995880722999573, "csi_nmse": 0.8563486933708191}
{"step": 10200, "loss": -0.10505226254463196, "gradient_norm": 0.27723100781440735, "bce": -0.183212012052536, "soft_score": 0.6390470266342163, "soft_tail": 0.4997289776802063, "csi_nmse": 0.8735110759735107}
{"step": 10300, "loss": -0.10433969646692276, "gradient_norm": 0.2797803580760956, "bce": -0.1823197603225708, "soft_score": 0.6408151388168335, "soft_tail": 0.49939095973968506, "csi_nmse": 0.8811331391334534}
{"step": 10400, "loss": -0.1278936266899109, "gradient_norm": 0.18676356971263885, "bce": -0.2061072289943695, "soft_score": 0.6590152978897095, "soft_tail": 0.49975350499153137, "csi_nmse": 0.8497002124786377}
{"step": 10500, "loss": -0.1103464812040329, "gradient_norm": 0.2177926003932953, "bce": -0.1883624792098999, "soft_score": 0.6467576026916504, "soft_tail": 0.49964407086372375, "csi_nmse": 0.88448166847229}
{"step": 10600, "loss": -0.10873229056596756, "gradient_norm": 0.2038864642381668, "bce": -0.18714582920074463, "soft_score": 0.6441489458084106, "soft_tail": 0.4997861683368683, "csi_nmse": 0.9107427597045898}
{"step": 10700, "loss": -0.11782576888799667, "gradient_norm": 0.1707618534564972, "bce": -0.1961355060338974, "soft_score": 0.6489880681037903, "soft_tail": 0.49945423007011414, "csi_nmse": 0.8578623533248901}
{"step": 10800, "loss": -0.12318260967731476, "gradient_norm": 0.13257406651973724, "bce": -0.20176556706428528, "soft_score": 0.6530143618583679, "soft_tail": 0.499510258436203, "csi_nmse": 0.8693140149116516}
{"step": 10900, "loss": -0.11908159404993057, "gradient_norm": 0.2892893850803375, "bce": -0.19756075739860535, "soft_score": 0.6506889462471008, "soft_tail": 0.4991670846939087, "csi_nmse": 0.8766984939575195}
{"step": 11000, "loss": -0.12074881047010422, "gradient_norm": 0.2327527105808258, "bce": -0.19896048307418823, "soft_score": 0.6525640487670898, "soft_tail": 0.49969035387039185, "csi_nmse": 0.8562735915184021}
{"step": 11000, "validation_score": 61.50361366271972, "best": 61.50361366271972}
{"step": 11100, "loss": -0.11341392993927002, "gradient_norm": 0.17293472588062286, "bce": -0.19159455597400665, "soft_score": 0.6470664143562317, "soft_tail": 0.499493271112442, "csi_nmse": 0.8712607622146606}
{"step": 11200, "loss": -0.0775199756026268, "gradient_norm": 0.2347610592842102, "bce": -0.1550983488559723, "soft_score": 0.6208558082580566, "soft_tail": 0.49957019090652466, "csi_nmse": 0.9141212701797485}
{"step": 11300, "loss": -0.11170875281095505, "gradient_norm": 0.2645488381385803, "bce": -0.1898420751094818, "soft_score": 0.6455317735671997, "soft_tail": 0.49959996342658997, "csi_nmse": 0.8690285682678223}
{"step": 11400, "loss": -0.14662206172943115, "gradient_norm": 0.2304593324661255, "bce": -0.22546692192554474, "soft_score": 0.6720250844955444, "soft_tail": 0.4996650516986847, "csi_nmse": 0.8490644097328186}
{"step": 11500, "loss": -0.10582685470581055, "gradient_norm": 0.17924630641937256, "bce": -0.18382561206817627, "soft_score": 0.6411983966827393, "soft_tail": 0.49967578053474426, "csi_nmse": 0.872629702091217}
{"step": 11600, "loss": -0.10266488045454025, "gradient_norm": 0.2210836112499237, "bce": -0.18060211837291718, "soft_score": 0.638340175151825, "soft_tail": 0.49962854385375977, "csi_nmse": 0.8699889183044434}
{"step": 11700, "loss": -0.12414323538541794, "gradient_norm": 0.230195090174675, "bce": -0.20250457525253296, "soft_score": 0.6556730270385742, "soft_tail": 0.4997709095478058, "csi_nmse": 0.8671306371688843}
{"step": 11800, "loss": -0.10780701041221619, "gradient_norm": 0.16967405378818512, "bce": -0.18607117235660553, "soft_score": 0.6430130004882812, "soft_tail": 0.499496728181839, "csi_nmse": 0.8943241834640503}
{"step": 11900, "loss": -0.09857277572154999, "gradient_norm": 0.20405738055706024, "bce": -0.17698544263839722, "soft_score": 0.6338827610015869, "soft_tail": 0.4995957016944885, "csi_nmse": 0.9090271592140198}
{"step": 12000, "loss": -0.12979793548583984, "gradient_norm": 0.2794211208820343, "bce": -0.20852309465408325, "soft_score": 0.6584593057632446, "soft_tail": 0.49979403614997864, "csi_nmse": 0.871259331703186}
{"step": 12000, "validation_score": 61.5448802947998, "best": 61.5448802947998}
{"step": 12100, "loss": -0.10276253521442413, "gradient_norm": 0.1605934053659439, "bce": -0.18094569444656372, "soft_score": 0.6368004679679871, "soft_tail": 0.49948200583457947, "csi_nmse": 0.8753091096878052}
{"step": 12200, "loss": -0.12061488628387451, "gradient_norm": 0.2093302309513092, "bce": -0.19888180494308472, "soft_score": 0.6526312828063965, "soft_tail": 0.49980443716049194, "csi_nmse": 0.863598108291626}
{"step": 12300, "loss": -0.1264294683933258, "gradient_norm": 0.19122633337974548, "bce": -0.20512795448303223, "soft_score": 0.6553958058357239, "soft_tail": 0.49971187114715576, "csi_nmse": 0.8716620802879333}
{"step": 12400, "loss": -0.09388753026723862, "gradient_norm": 0.15663334727287292, "bce": -0.17192813754081726, "soft_score": 0.6308616399765015, "soft_tail": 0.4992627799510956, "csi_nmse": 0.8911838531494141}
{"step": 12500, "loss": -0.11184985190629959, "gradient_norm": 0.19615398347377777, "bce": -0.18975156545639038, "soft_score": 0.6478638648986816, "soft_tail": 0.49963775277137756, "csi_nmse": 0.8702055215835571}
{"step": 12600, "loss": -0.10083946585655212, "gradient_norm": 0.16203007102012634, "bce": -0.17887113988399506, "soft_score": 0.6353269815444946, "soft_tail": 0.49959203600883484, "csi_nmse": 0.8665021657943726}
{"step": 12700, "loss": -0.1217368096113205, "gradient_norm": 0.17504407465457916, "bce": -0.2001866102218628, "soft_score": 0.6511275172233582, "soft_tail": 0.49948039650917053, "csi_nmse": 0.852829098701477}
{"step": 12800, "loss": -0.09985291212797165, "gradient_norm": 0.2064989060163498, "bce": -0.17779088020324707, "soft_score": 0.6371034979820251, "soft_tail": 0.4997231364250183, "csi_nmse": 0.8860913515090942}
{"step": 12900, "loss": -0.08993381261825562, "gradient_norm": 0.15726760029792786, "bce": -0.16756735742092133, "soft_score": 0.6298108100891113, "soft_tail": 0.4996681213378906, "csi_nmse": 0.8847922682762146}
{"step": 13000, "loss": -0.112493596971035, "gradient_norm": 0.16489003598690033, "bce": -0.191040500998497, "soft_score": 0.642558217048645, "soft_tail": 0.49971872568130493, "csi_nmse": 0.8690243363380432}
{"step": 13000, "validation_score": 61.60765342712402, "best": 61.60765342712402}
{"step": 13100, "loss": -0.0996067002415657, "gradient_norm": 0.16824838519096375, "bce": -0.1773843765258789, "soft_score": 0.637558102607727, "soft_tail": 0.4996993839740753, "csi_nmse": 0.8786025047302246}
{"step": 13200, "loss": -0.11994859576225281, "gradient_norm": 0.22400538623332977, "bce": -0.19795463979244232, "soft_score": 0.6542157530784607, "soft_tail": 0.49970611929893494, "csi_nmse": 0.8623329401016235}
{"step": 13300, "loss": -0.12679459154605865, "gradient_norm": 0.1828755885362625, "bce": -0.20568214356899261, "soft_score": 0.6543035507202148, "soft_tail": 0.49984073638916016, "csi_nmse": 0.8744901418685913}
{"step": 13400, "loss": -0.11210255324840546, "gradient_norm": 0.2063208669424057, "bce": -0.190211683511734, "soft_score": 0.6456252336502075, "soft_tail": 0.4996793568134308, "csi_nmse": 0.8640865683555603}
{"step": 13500, "loss": -0.11645614355802536, "gradient_norm": 0.2306942641735077, "bce": -0.19441381096839905, "soft_score": 0.6512899994850159, "soft_tail": 0.4997124969959259, "csi_nmse": 0.8636659979820251}
{"step": 13600, "loss": -0.11709564924240112, "gradient_norm": 0.2319190502166748, "bce": -0.1948864758014679, "soft_score": 0.6529159545898438, "soft_tail": 0.49982544779777527, "csi_nmse": 0.8588536381721497}
{"step": 13700, "loss": -0.10688689351081848, "gradient_norm": 0.1811419427394867, "bce": -0.1848365217447281, "soft_score": 0.6431437730789185, "soft_tail": 0.4996364712715149, "csi_nmse": 0.876943826675415}
{"step": 13800, "loss": -0.10729506611824036, "gradient_norm": 0.1585157960653305, "bce": -0.1857587844133377, "soft_score": 0.6408824920654297, "soft_tail": 0.49973732233047485, "csi_nmse": 0.8968207836151123}
{"step": 13900, "loss": -0.09294354170560837, "gradient_norm": 0.1722332090139389, "bce": -0.17107874155044556, "soft_score": 0.6317125558853149, "soft_tail": 0.4996985197067261, "csi_nmse": 0.9189541339874268}
{"step": 14000, "loss": -0.10675080120563507, "gradient_norm": 0.21493180096149445, "bce": -0.18470901250839233, "soft_score": 0.6426227688789368, "soft_tail": 0.4996221959590912, "csi_nmse": 0.8738256096839905}
{"step": 14000, "validation_score": 61.58369522094726, "best": 61.60765342712402}
{"step": 14100, "loss": -0.10239548236131668, "gradient_norm": 0.1640365570783615, "bce": -0.1803237348794937, "soft_score": 0.6372469663619995, "soft_tail": 0.4996004104614258, "csi_nmse": 0.8608577251434326}
{"step": 14200, "loss": -0.12295776605606079, "gradient_norm": 0.1951657384634018, "bce": -0.20169129967689514, "soft_score": 0.651493489742279, "soft_tail": 0.49969223141670227, "csi_nmse": 0.8704500198364258}
{"step": 14300, "loss": -0.11861379444599152, "gradient_norm": 0.18765395879745483, "bce": -0.19678783416748047, "soft_score": 0.6508045196533203, "soft_tail": 0.49972909688949585, "csi_nmse": 0.8567585945129395}
{"step": 14400, "loss": -0.14116881787776947, "gradient_norm": 0.2141120433807373, "bce": -0.21990761160850525, "soft_score": 0.6677881479263306, "soft_tail": 0.4995914101600647, "csi_nmse": 0.8514587879180908}
{"step": 14500, "loss": -0.13101330399513245, "gradient_norm": 0.2683916985988617, "bce": -0.2100265622138977, "soft_score": 0.6585825085639954, "soft_tail": 0.4995448887348175, "csi_nmse": 0.885519802570343}
{"step": 14600, "loss": -0.11327381432056427, "gradient_norm": 0.19774936139583588, "bce": -0.19138255715370178, "soft_score": 0.6478742361068726, "soft_tail": 0.4997410476207733, "csi_nmse": 0.8750144243240356}
{"step": 14700, "loss": -0.12169909477233887, "gradient_norm": 0.15841615200042725, "bce": -0.19982928037643433, "soft_score": 0.6525933146476746, "soft_tail": 0.4997742474079132, "csi_nmse": 0.8399812579154968}
{"step": 14800, "loss": -0.1251913160085678, "gradient_norm": 0.20397308468818665, "bce": -0.20371094346046448, "soft_score": 0.6556532382965088, "soft_tail": 0.4997883141040802, "csi_nmse": 0.8707514405250549}
{"step": 14900, "loss": -0.08433865755796432, "gradient_norm": 0.14844517409801483, "bce": -0.1616264283657074, "soft_score": 0.627425491809845, "soft_tail": 0.49972665309906006, "csi_nmse": 0.8859480023384094}
{"step": 15000, "loss": -0.10458459705114365, "gradient_norm": 0.2092003971338272, "bce": -0.1826643943786621, "soft_score": 0.6397172212600708, "soft_tail": 0.499376505613327, "csi_nmse": 0.8766374588012695}
{"step": 15000, "validation_score": 61.63028106689453, "best": 61.63028106689453}
{"step": 15100, "loss": -0.11874550580978394, "gradient_norm": 0.14860153198242188, "bce": -0.19723108410835266, "soft_score": 0.6486929655075073, "soft_tail": 0.49958500266075134, "csi_nmse": 0.8619306683540344}
{"step": 15200, "loss": -0.1056782528758049, "gradient_norm": 0.19172820448875427, "bce": -0.18383681774139404, "soft_score": 0.6398530006408691, "soft_tail": 0.49967971444129944, "csi_nmse": 0.875056266784668}
{"step": 15300, "loss": -0.11024894565343857, "gradient_norm": 0.15451999008655548, "bce": -0.18875989317893982, "soft_score": 0.6419548988342285, "soft_tail": 0.49974435567855835, "csi_nmse": 0.8822769522666931}
{"step": 15400, "loss": -0.1234961673617363, "gradient_norm": 0.18910850584506989, "bce": -0.20220661163330078, "soft_score": 0.6537999510765076, "soft_tail": 0.4996480345726013, "csi_nmse": 0.88592129945755}
{"step": 15500, "loss": -0.11602471768856049, "gradient_norm": 0.26238709688186646, "bce": -0.19443321228027344, "soft_score": 0.6486254930496216, "soft_tail": 0.4992952346801758, "csi_nmse": 0.8806568384170532}
{"step": 15600, "loss": -0.12400934100151062, "gradient_norm": 0.23180870711803436, "bce": -0.2030910700559616, "soft_score": 0.6537045240402222, "soft_tail": 0.49974456429481506, "csi_nmse": 0.9135410785675049}
{"step": 15700, "loss": -0.12428496778011322, "gradient_norm": 0.18396727740764618, "bce": -0.20256638526916504, "soft_score": 0.6562605500221252, "soft_tail": 0.4995923340320587, "csi_nmse": 0.8638606071472168}
{"step": 15800, "loss": -0.10040031373500824, "gradient_norm": 0.14426051080226898, "bce": -0.17855311930179596, "soft_score": 0.6349592208862305, "soft_tail": 0.49968111515045166, "csi_nmse": 0.8783844113349915}
{"step": 15900, "loss": -0.13220573961734772, "gradient_norm": 0.19138671457767487, "bce": -0.21084851026535034, "soft_score": 0.6608697175979614, "soft_tail": 0.49969714879989624, "csi_nmse": 0.863579511642456}
{"step": 16000, "loss": -0.1255219429731369, "gradient_norm": 0.17275923490524292, "bce": -0.20374621450901031, "soft_score": 0.6580060124397278, "soft_tail": 0.49974924325942993, "csi_nmse": 0.8642721176147461}
{"step": 16000, "validation_score": 61.68336143493652, "best": 61.68336143493652}
{"step": 16100, "loss": -0.11367110162973404, "gradient_norm": 0.14982648193836212, "bce": -0.19223110377788544, "soft_score": 0.6443101167678833, "soft_tail": 0.4997285008430481, "csi_nmse": 0.8759763836860657}
{"step": 16200, "loss": -0.10828062146902084, "gradient_norm": 0.20871606469154358, "bce": -0.18672284483909607, "soft_score": 0.6434832811355591, "soft_tail": 0.4996894299983978, "csi_nmse": 0.910895049571991}
{"step": 16300, "loss": -0.09830480813980103, "gradient_norm": 0.15603405237197876, "bce": -0.17621195316314697, "soft_score": 0.6361560225486755, "soft_tail": 0.49976634979248047, "csi_nmse": 0.8894522190093994}
{"step": 16400, "loss": -0.12017571181058884, "gradient_norm": 0.16158509254455566, "bce": -0.198665589094162, "soft_score": 0.6516705751419067, "soft_tail": 0.49977800250053406, "csi_nmse": 0.8783707022666931}
{"step": 16500, "loss": -0.13121747970581055, "gradient_norm": 0.21535970270633698, "bce": -0.21014189720153809, "soft_score": 0.6572805643081665, "soft_tail": 0.4997844099998474, "csi_nmse": 0.8631815314292908}
{"step": 16600, "loss": -0.09925070405006409, "gradient_norm": 0.21280241012573242, "bce": -0.17718562483787537, "soft_score": 0.636430025100708, "soft_tail": 0.4997285008430481, "csi_nmse": 0.8851208090782166}
{"step": 16700, "loss": -0.10754456371068954, "gradient_norm": 0.20349812507629395, "bce": -0.18587733805179596, "soft_score": 0.6410037279129028, "soft_tail": 0.49944326281547546, "csi_nmse": 0.8828710317611694}
{"step": 16800, "loss": -0.11396850645542145, "gradient_norm": 0.13710185885429382, "bce": -0.192798912525177, "soft_score": 0.643557608127594, "soft_tail": 0.4997348189353943, "csi_nmse": 0.8898320198059082}
{"step": 16900, "loss": -0.12655165791511536, "gradient_norm": 0.17997325956821442, "bce": -0.20516817271709442, "soft_score": 0.6571067571640015, "soft_tail": 0.4997975528240204, "csi_nmse": 0.8804298639297485}
{"step": 17000, "loss": -0.11362481117248535, "gradient_norm": 0.19509170949459076, "bce": -0.19236022233963013, "soft_score": 0.6433078646659851, "soft_tail": 0.4989904761314392, "csi_nmse": 0.8799887299537659}
{"step": 17000, "validation_score": 61.69655265808105, "best": 61.69655265808105}
{"step": 17100, "loss": -0.11472118645906448, "gradient_norm": 0.1777491569519043, "bce": -0.19271206855773926, "soft_score": 0.6491032242774963, "soft_tail": 0.4998380243778229, "csi_nmse": 0.8625125288963318}
{"step": 17200, "loss": -0.12920120358467102, "gradient_norm": 0.18930374085903168, "bce": -0.20829808712005615, "soft_score": 0.6573646664619446, "soft_tail": 0.49984055757522583, "csi_nmse": 0.8998754024505615}
{"step": 17300, "loss": -0.10403021425008774, "gradient_norm": 0.17976784706115723, "bce": -0.18198367953300476, "soft_score": 0.6404646635055542, "soft_tail": 0.4998050034046173, "csi_nmse": 0.8795709609985352}
{"step": 17400, "loss": -0.11643125861883163, "gradient_norm": 0.1941121369600296, "bce": -0.19503989815711975, "soft_score": 0.6476894617080688, "soft_tail": 0.4995410740375519, "csi_nmse": 0.8859822154045105}
{"step": 17500, "loss": -0.1288866102695465, "gradient_norm": 0.18417581915855408, "bce": -0.20734286308288574, "soft_score": 0.6582934856414795, "soft_tail": 0.49962887167930603, "csi_nmse": 0.8540168404579163}
{"step": 17600, "loss": -0.11488346010446548, "gradient_norm": 0.19359780848026276, "bce": -0.19324615597724915, "soft_score": 0.6475472450256348, "soft_tail": 0.4997507333755493, "csi_nmse": 0.8785313367843628}
{"step": 17700, "loss": -0.1369205117225647, "gradient_norm": 0.19361765682697296, "bce": -0.21582087874412537, "soft_score": 0.6635246276855469, "soft_tail": 0.49973976612091064, "csi_nmse": 0.8662929534912109}
{"step": 17800, "loss": -0.12678471207618713, "gradient_norm": 0.18317203223705292, "bce": -0.2056480199098587, "soft_score": 0.6557184457778931, "soft_tail": 0.49961793422698975, "csi_nmse": 0.8858884572982788}
{"step": 17900, "loss": -0.08952555805444717, "gradient_norm": 0.1808413416147232, "bce": -0.16781732439994812, "soft_score": 0.6261074542999268, "soft_tail": 0.4995657801628113, "csi_nmse": 0.9107755422592163}
{"step": 18000, "loss": -0.12421529740095139, "gradient_norm": 0.16852515935897827, "bce": -0.2030399739742279, "soft_score": 0.6526165008544922, "soft_tail": 0.49950820207595825, "csi_nmse": 0.876757025718689}
{"step": 18000, "validation_score": 61.731175613403316, "best": 61.731175613403316}
{"step": 18100, "loss": -0.11314698308706284, "gradient_norm": 0.19710204005241394, "bce": -0.19206562638282776, "soft_score": 0.6449337601661682, "soft_tail": 0.4998423457145691, "csi_nmse": 0.9200723171234131}
{"step": 18200, "loss": -0.12797589600086212, "gradient_norm": 0.14312629401683807, "bce": -0.2068634331226349, "soft_score": 0.6573633551597595, "soft_tail": 0.49986106157302856, "csi_nmse": 0.8933351635932922}
{"step": 18300, "loss": -0.13575364649295807, "gradient_norm": 0.19130057096481323, "bce": -0.21438655257225037, "soft_score": 0.6627955436706543, "soft_tail": 0.4994469881057739, "csi_nmse": 0.8457212448120117}
{"step": 18400, "loss": -0.13681693375110626, "gradient_norm": 0.19785453379154205, "bce": -0.21625177562236786, "soft_score": 0.6637530326843262, "soft_tail": 0.49975889921188354, "csi_nmse": 0.9177747964859009}
{"step": 18500, "loss": -0.12433771044015884, "gradient_norm": 0.1787562072277069, "bce": -0.20274250209331512, "soft_score": 0.653746485710144, "soft_tail": 0.4993933439254761, "csi_nmse": 0.8486990928649902}
{"step": 18600, "loss": -0.13595633208751678, "gradient_norm": 0.18543221056461334, "bce": -0.21472805738449097, "soft_score": 0.6634838581085205, "soft_tail": 0.49959462881088257, "csi_nmse": 0.8635132908821106}
{"step": 18700, "loss": -0.1285572648048401, "gradient_norm": 0.17720958590507507, "bce": -0.20739123225212097, "soft_score": 0.6561295986175537, "soft_tail": 0.4997377395629883, "csi_nmse": 0.8699936866760254}
{"step": 18800, "loss": -0.12268141657114029, "gradient_norm": 0.2016303539276123, "bce": -0.200974702835083, "soft_score": 0.6557904481887817, "soft_tail": 0.4997401535511017, "csi_nmse": 0.8767064213752747}
{"step": 18900, "loss": -0.12050334364175797, "gradient_norm": 0.20460063219070435, "bce": -0.19874662160873413, "soft_score": 0.6521140933036804, "soft_tail": 0.4998314678668976, "csi_nmse": 0.8574970960617065}
{"step": 19000, "loss": -0.12509867548942566, "gradient_norm": 0.15800702571868896, "bce": -0.20376023650169373, "soft_score": 0.6538910865783691, "soft_tail": 0.49984610080718994, "csi_nmse": 0.8670024871826172}
{"step": 19000, "validation_score": 61.704995727539064, "best": 61.731175613403316}
{"step": 19100, "loss": -0.12758925557136536, "gradient_norm": 0.1747056543827057, "bce": -0.2059967815876007, "soft_score": 0.6574898958206177, "soft_tail": 0.49971139430999756, "csi_nmse": 0.8548173308372498}
{"step": 19200, "loss": -0.11186293512582779, "gradient_norm": 0.24797114729881287, "bce": -0.18979674577713013, "soft_score": 0.6473885774612427, "soft_tail": 0.499727725982666, "csi_nmse": 0.8684818744659424}
{"step": 19300, "loss": -0.1358107328414917, "gradient_norm": 0.1950666755437851, "bce": -0.21466311812400818, "soft_score": 0.6631753444671631, "soft_tail": 0.4998581111431122, "csi_nmse": 0.8699339628219604}
{"step": 19400, "loss": -0.11660271883010864, "gradient_norm": 0.14124904572963715, "bce": -0.1950514316558838, "soft_score": 0.6485374569892883, "soft_tail": 0.4995426535606384, "csi_nmse": 0.8783597946166992}
{"step": 19500, "loss": -0.12245363742113113, "gradient_norm": 0.17735345661640167, "bce": -0.20068207383155823, "soft_score": 0.6542012691497803, "soft_tail": 0.4998514950275421, "csi_nmse": 0.8575896620750427}
{"step": 19600, "loss": -0.1302664577960968, "gradient_norm": 0.15926618874073029, "bce": -0.20884466171264648, "soft_score": 0.6585618257522583, "soft_tail": 0.4997123181819916, "csi_nmse": 0.8541285991668701}
{"step": 19700, "loss": -0.1366555094718933, "gradient_norm": 0.18065448105335236, "bce": -0.21519619226455688, "soft_score": 0.6643400192260742, "soft_tail": 0.4996502995491028, "csi_nmse": 0.8444556593894958}
{"step": 19800, "loss": -0.10954387485980988, "gradient_norm": 0.15654034912586212, "bce": -0.18775036931037903, "soft_score": 0.6439518332481384, "soft_tail": 0.49985218048095703, "csi_nmse": 0.8822195529937744}
{"step": 19900, "loss": -0.09587929397821426, "gradient_norm": 0.20737668871879578, "bce": -0.173895001411438, "soft_score": 0.6345012187957764, "soft_tail": 0.4994623363018036, "csi_nmse": 0.9060191512107849}
{"step": 20000, "loss": -0.10174189507961273, "gradient_norm": 0.17415201663970947, "bce": -0.18002034723758698, "soft_score": 0.6382750868797302, "soft_tail": 0.49982839822769165, "csi_nmse": 0.9098773002624512}
{"step": 20000, "validation_score": 61.76230583190918, "best": 61.76230583190918}
{"step": 20100, "loss": -0.08548557013273239, "gradient_norm": 0.16088643670082092, "bce": -0.16306447982788086, "soft_score": 0.6264444589614868, "soft_tail": 0.49976494908332825, "csi_nmse": 0.8909859657287598}
{"step": 20200, "loss": -0.12157107889652252, "gradient_norm": 0.16422805190086365, "bce": -0.20009714365005493, "soft_score": 0.6520450711250305, "soft_tail": 0.4997252821922302, "csi_nmse": 0.8712607622146606}
{"step": 20300, "loss": -0.11600104719400406, "gradient_norm": 0.16879229247570038, "bce": -0.194718599319458, "soft_score": 0.6459535360336304, "soft_tail": 0.49979957938194275, "csi_nmse": 0.8835015296936035}
{"step": 20400, "loss": -0.11324556916952133, "gradient_norm": 0.19961808621883392, "bce": -0.1914832592010498, "soft_score": 0.6465922594070435, "soft_tail": 0.49989432096481323, "csi_nmse": 0.8745416402816772}
{"step": 20500, "loss": -0.074304960668087, "gradient_norm": 0.20095542073249817, "bce": -0.15205053985118866, "soft_score": 0.616070032119751, "soft_tail": 0.4997091591358185, "csi_nmse": 0.9138797521591187}
{"step": 20600, "loss": -0.12694717943668365, "gradient_norm": 0.12903697788715363, "bce": -0.20582008361816406, "soft_score": 0.6550054550170898, "soft_tail": 0.49975210428237915, "csi_nmse": 0.8783993721008301}
{"step": 20700, "loss": -0.1273822784423828, "gradient_norm": 0.18035972118377686, "bce": -0.2059929519891739, "soft_score": 0.6551167964935303, "soft_tail": 0.4995909333229065, "csi_nmse": 0.8510774374008179}
{"step": 20800, "loss": -0.10356011986732483, "gradient_norm": 0.17580494284629822, "bce": -0.181783527135849, "soft_score": 0.637590765953064, "soft_tail": 0.4997078776359558, "csi_nmse": 0.8795363903045654}
{"step": 20900, "loss": -0.09671754390001297, "gradient_norm": 0.15998418629169464, "bce": -0.17480581998825073, "soft_score": 0.6341286897659302, "soft_tail": 0.49956417083740234, "csi_nmse": 0.9007482528686523}
{"step": 21000, "loss": -0.1384430229663849, "gradient_norm": 0.1587643325328827, "bce": -0.2173023372888565, "soft_score": 0.6644958257675171, "soft_tail": 0.49971887469291687, "csi_nmse": 0.8570207357406616}
{"step": 21000, "validation_score": 61.784373092651364, "best": 61.784373092651364}
{"step": 21100, "loss": -0.12550088763237, "gradient_norm": 0.13995996117591858, "bce": -0.2044047713279724, "soft_score": 0.6532650589942932, "soft_tail": 0.4996691942214966, "csi_nmse": 0.8779974579811096}
{"step": 21200, "loss": -0.12930932641029358, "gradient_norm": 0.18551337718963623, "bce": -0.2081918567419052, "soft_score": 0.6558488011360168, "soft_tail": 0.4998089075088501, "csi_nmse": 0.8642475008964539}
{"step": 21300, "loss": -0.11380182206630707, "gradient_norm": 0.123465396463871, "bce": -0.1921525001525879, "soft_score": 0.6462111473083496, "soft_tail": 0.4995271861553192, "csi_nmse": 0.8742345571517944}
{"step": 21400, "loss": -0.13668256998062134, "gradient_norm": 0.15110871195793152, "bce": -0.21601808071136475, "soft_score": 0.6630909442901611, "soft_tail": 0.49983757734298706, "csi_nmse": 0.9037916660308838}
{"step": 21500, "loss": -0.1155322939157486, "gradient_norm": 0.20063328742980957, "bce": -0.1937231570482254, "soft_score": 0.6479555368423462, "soft_tail": 0.4997078776359558, "csi_nmse": 0.8605329990386963}
{"step": 21600, "loss": -0.11515878140926361, "gradient_norm": 0.1493636667728424, "bce": -0.1938733607530594, "soft_score": 0.6459469795227051, "soft_tail": 0.49979978799819946, "csi_nmse": 0.8915929794311523}
{"step": 21700, "loss": -0.13860557973384857, "gradient_norm": 0.19471928477287292, "bce": -0.21758097410202026, "soft_score": 0.6629295349121094, "soft_tail": 0.499855101108551, "csi_nmse": 0.8505875468254089}
{"step": 21800, "loss": -0.10827434808015823, "gradient_norm": 0.22902622818946838, "bce": -0.18633747100830078, "soft_score": 0.6429042220115662, "soft_tail": 0.49971485137939453, "csi_nmse": 0.8711243271827698}
{"step": 21900, "loss": -0.11871633678674698, "gradient_norm": 0.13611841201782227, "bce": -0.19723112881183624, "soft_score": 0.6488444805145264, "soft_tail": 0.4997485876083374, "csi_nmse": 0.8668581247329712}
{"step": 22000, "loss": -0.14163775742053986, "gradient_norm": 0.21030031144618988, "bce": -0.2207103967666626, "soft_score": 0.668860673904419, "soft_tail": 0.4996095299720764, "csi_nmse": 0.8875935673713684}
{"step": 22000, "validation_score": 61.81712684631348, "best": 61.81712684631348}
{"step": 22100, "loss": -0.11889510601758957, "gradient_norm": 0.18407724797725677, "bce": -0.19766739010810852, "soft_score": 0.6495369672775269, "soft_tail": 0.49988043308258057, "csi_nmse": 0.8955636024475098}
{"step": 22200, "loss": -0.12659993767738342, "gradient_norm": 0.19121092557907104, "bce": -0.20515784621238708, "soft_score": 0.6555313467979431, "soft_tail": 0.4997023046016693, "csi_nmse": 0.858632504940033}
{"step": 22300, "loss": -0.11707071214914322, "gradient_norm": 0.15498870611190796, "bce": -0.19562730193138123, "soft_score": 0.647959291934967, "soft_tail": 0.4997321665287018, "csi_nmse": 0.8781754970550537}
{"step": 22400, "loss": -0.11011775583028793, "gradient_norm": 0.13947632908821106, "bce": -0.18845444917678833, "soft_score": 0.6437196135520935, "soft_tail": 0.49987316131591797, "csi_nmse": 0.8859398365020752}
{"step": 22500, "loss": -0.1198863610625267, "gradient_norm": 0.13802587985992432, "bce": -0.19855858385562897, "soft_score": 0.6498289108276367, "soft_tail": 0.49981027841567993, "csi_nmse": 0.8793558478355408}
{"step": 22600, "loss": -0.11049041897058487, "gradient_norm": 0.17898783087730408, "bce": -0.18850882351398468, "soft_score": 0.645535409450531, "soft_tail": 0.49977174401283264, "csi_nmse": 0.8714200258255005}
{"step": 22700, "loss": -0.12698319554328918, "gradient_norm": 0.19423209130764008, "bce": -0.2056182622909546, "soft_score": 0.6566815376281738, "soft_tail": 0.499849796295166, "csi_nmse": 0.8736892938613892}
{"step": 22800, "loss": -0.11878668516874313, "gradient_norm": 0.17829279601573944, "bce": -0.19708356261253357, "soft_score": 0.6495256423950195, "soft_tail": 0.4998587369918823, "csi_nmse": 0.853683590888977}
{"step": 22900, "loss": -0.1368938386440277, "gradient_norm": 0.1704309731721878, "bce": -0.21596352756023407, "soft_score": 0.6620193719863892, "soft_tail": 0.499857634305954, "csi_nmse": 0.8670982122421265}
{"step": 23000, "loss": -0.14015325903892517, "gradient_norm": 0.1560429036617279, "bce": -0.2189697027206421, "soft_score": 0.6663256287574768, "soft_tail": 0.49986594915390015, "csi_nmse": 0.8547999858856201}
{"step": 23000, "validation_score": 61.838291549682616, "best": 61.838291549682616}
{"step": 23100, "loss": -0.10215107351541519, "gradient_norm": 0.15171395242214203, "bce": -0.18016886711120605, "soft_score": 0.6374800205230713, "soft_tail": 0.4998428523540497, "csi_nmse": 0.874419093132019}
{"step": 23200, "loss": -0.12890924513339996, "gradient_norm": 0.16242757439613342, "bce": -0.20732855796813965, "soft_score": 0.6591198444366455, "soft_tail": 0.49963313341140747, "csi_nmse": 0.8587417006492615}
{"step": 23300, "loss": -0.14366814494132996, "gradient_norm": 0.19339896738529205, "bce": -0.22258660197257996, "soft_score": 0.6694523096084595, "soft_tail": 0.4998649060726166, "csi_nmse": 0.86009681224823}
{"step": 23400, "loss": -0.11953295767307281, "gradient_norm": 0.16620080173015594, "bce": -0.19793590903282166, "soft_score": 0.6502254009246826, "soft_tail": 0.4995690882205963, "csi_nmse": 0.8618947267532349}
{"step": 23500, "loss": -0.11850155144929886, "gradient_norm": 0.17996680736541748, "bce": -0.1971036195755005, "soft_score": 0.6476324200630188, "soft_tail": 0.4998384118080139, "csi_nmse": 0.8650103211402893}
{"step": 23600, "loss": -0.12393860518932343, "gradient_norm": 0.13524603843688965, "bce": -0.20246858894824982, "soft_score": 0.6539183259010315, "soft_tail": 0.49956175684928894, "csi_nmse": 0.8661803007125854}
{"step": 23700, "loss": -0.11653000116348267, "gradient_norm": 0.14688614010810852, "bce": -0.19489571452140808, "soft_score": 0.6477194428443909, "soft_tail": 0.4998015761375427, "csi_nmse": 0.8642137050628662}
{"step": 23800, "loss": -0.1267217993736267, "gradient_norm": 0.202285498380661, "bce": -0.20502632856369019, "soft_score": 0.6572259664535522, "soft_tail": 0.4998479187488556, "csi_nmse": 0.8519917726516724}
{"step": 23900, "loss": -0.13401421904563904, "gradient_norm": 0.1788526028394699, "bce": -0.2131323367357254, "soft_score": 0.6593776941299438, "soft_tail": 0.49981433153152466, "csi_nmse": 0.8737079501152039}
{"step": 24000, "loss": -0.13361768424510956, "gradient_norm": 0.22174720466136932, "bce": -0.21213170886039734, "soft_score": 0.6622123718261719, "soft_tail": 0.4997418522834778, "csi_nmse": 0.8514348268508911}
{"step": 24000, "validation_score": 61.83901252746582, "best": 61.83901252746582}
{"step": 24100, "loss": -0.13060037791728973, "gradient_norm": 0.1838790476322174, "bce": -0.2093241661787033, "soft_score": 0.6591483354568481, "soft_tail": 0.4997711777687073, "csi_nmse": 0.869932234287262}
{"step": 24200, "loss": -0.11063013970851898, "gradient_norm": 0.16795331239700317, "bce": -0.18902814388275146, "soft_score": 0.6430573463439941, "soft_tail": 0.4998788833618164, "csi_nmse": 0.8797276020050049}
{"step": 24300, "loss": -0.12774480879306793, "gradient_norm": 0.15616673231124878, "bce": -0.2062079906463623, "soft_score": 0.6579959988594055, "soft_tail": 0.499798983335495, "csi_nmse": 0.8635942935943604}
{"step": 24400, "loss": -0.11921191960573196, "gradient_norm": 0.1955803781747818, "bce": -0.19740475714206696, "soft_score": 0.6523409485816956, "soft_tail": 0.49982717633247375, "csi_nmse": 0.8681273460388184}
{"step": 24500, "loss": -0.10430260747671127, "gradient_norm": 0.17836908996105194, "bce": -0.18251386284828186, "soft_score": 0.6396151781082153, "soft_tail": 0.4998495280742645, "csi_nmse": 0.891686201095581}
{"step": 24600, "loss": -0.10015637427568436, "gradient_norm": 0.15543177723884583, "bce": -0.1783980131149292, "soft_score": 0.6352953910827637, "soft_tail": 0.4997067153453827, "csi_nmse": 0.8922574520111084}
{"step": 24700, "loss": -0.13000038266181946, "gradient_norm": 0.17977099120616913, "bce": -0.2085667997598648, "soft_score": 0.6594552993774414, "soft_tail": 0.4998529255390167, "csi_nmse": 0.8650847673416138}
{"step": 24800, "loss": -0.11751260608434677, "gradient_norm": 0.1799362748861313, "bce": -0.19566373527050018, "soft_score": 0.6496458649635315, "soft_tail": 0.49985986948013306, "csi_nmse": 0.8545140624046326}
{"step": 24900, "loss": -0.1127256453037262, "gradient_norm": 0.19039461016654968, "bce": -0.19175322353839874, "soft_score": 0.6473922729492188, "soft_tail": 0.49979761242866516, "csi_nmse": 0.9585406184196472}
{"step": 25000, "loss": -0.12209565192461014, "gradient_norm": 0.17852233350276947, "bce": -0.20057092607021332, "soft_score": 0.6522508859634399, "soft_tail": 0.499869704246521, "csi_nmse": 0.8639355897903442}
{"step": 25000, "validation_score": 61.86996650695801, "best": 61.86996650695801}
{"step": 25100, "loss": -0.12346284836530685, "gradient_norm": 0.16316086053848267, "bce": -0.20191437005996704, "soft_score": 0.654133677482605, "soft_tail": 0.49982592463493347, "csi_nmse": 0.866822361946106}
{"step": 25200, "loss": -0.12111186236143112, "gradient_norm": 0.1619865894317627, "bce": -0.19974485039710999, "soft_score": 0.6501951813697815, "soft_tail": 0.49980682134628296, "csi_nmse": 0.8672215342521667}
{"step": 25300, "loss": -0.1306876838207245, "gradient_norm": 0.20538941025733948, "bce": -0.2092570662498474, "soft_score": 0.6597976088523865, "soft_tail": 0.4998231530189514, "csi_nmse": 0.8618124127388}
{"step": 25400, "loss": -0.10856200009584427, "gradient_norm": 0.12645991146564484, "bce": -0.1871947944164276, "soft_score": 0.6425027251243591, "soft_tail": 0.49985271692276, "csi_nmse": 0.9159162044525146}
{"step": 25500, "loss": -0.10440393537282944, "gradient_norm": 0.1741633117198944, "bce": -0.1824156939983368, "soft_score": 0.641085684299469, "soft_tail": 0.49970757961273193, "csi_nmse": 0.8869989514350891}
{"step": 25600, "loss": -0.13527937233448029, "gradient_norm": 0.1973755955696106, "bce": -0.2136807143688202, "soft_score": 0.6653763055801392, "soft_tail": 0.4997425675392151, "csi_nmse": 0.8563177585601807}
{"step": 25700, "loss": -0.13210250437259674, "gradient_norm": 0.19050233066082, "bce": -0.2108159363269806, "soft_score": 0.6598418951034546, "soft_tail": 0.4996979832649231, "csi_nmse": 0.8606970310211182}
{"step": 25800, "loss": -0.12505052983760834, "gradient_norm": 0.16470693051815033, "bce": -0.2040388137102127, "soft_score": 0.6533300280570984, "soft_tail": 0.49980810284614563, "csi_nmse": 0.8911635875701904}
{"step": 25900, "loss": -0.12333191931247711, "gradient_norm": 0.13921746611595154, "bce": -0.20212668180465698, "soft_score": 0.651497483253479, "soft_tail": 0.49983951449394226, "csi_nmse": 0.8727010488510132}
{"step": 26000, "loss": -0.11015080660581589, "gradient_norm": 0.22870184481143951, "bce": -0.18888865411281586, "soft_score": 0.6425033807754517, "soft_tail": 0.4995298981666565, "csi_nmse": 0.9085206389427185}
{"step": 26000, "validation_score": 61.87427635192871, "best": 61.87427635192871}
{"step": 26100, "loss": -0.10340814292430878, "gradient_norm": 0.20156259834766388, "bce": -0.18187013268470764, "soft_score": 0.6370699405670166, "soft_tail": 0.4997697174549103, "csi_nmse": 0.8975063562393188}
{"step": 26200, "loss": -0.10833697766065598, "gradient_norm": 0.15317200124263763, "bce": -0.18703627586364746, "soft_score": 0.6426704525947571, "soft_tail": 0.49977022409439087, "csi_nmse": 0.925582766532898}
{"step": 26300, "loss": -0.10701626539230347, "gradient_norm": 0.19284085929393768, "bce": -0.18531014025211334, "soft_score": 0.6411616802215576, "soft_tail": 0.4998590052127838, "csi_nmse": 0.8874789476394653}
{"step": 26400, "loss": -0.1268308311700821, "gradient_norm": 0.16124989092350006, "bce": -0.20570304989814758, "soft_score": 0.6549810171127319, "soft_tail": 0.4997802972793579, "csi_nmse": 0.8793430328369141}
{"step": 26500, "loss": -0.14637921750545502, "gradient_norm": 0.19605295360088348, "bce": -0.22539909183979034, "soft_score": 0.6712558269500732, "soft_tail": 0.4997256398200989, "csi_nmse": 0.8597309589385986}
{"step": 26600, "loss": -0.1136055439710617, "gradient_norm": 0.1427903026342392, "bce": -0.19220221042633057, "soft_score": 0.644591212272644, "soft_tail": 0.49974536895751953, "csi_nmse": 0.8827917575836182}
{"step": 26700, "loss": -0.12576229870319366, "gradient_norm": 0.14687632024288177, "bce": -0.20430701971054077, "soft_score": 0.6552898287773132, "soft_tail": 0.49981990456581116, "csi_nmse": 0.8637582063674927}
{"step": 26800, "loss": -0.13080933690071106, "gradient_norm": 0.17082390189170837, "bce": -0.20926839113235474, "soft_score": 0.6609660387039185, "soft_tail": 0.4998703598976135, "csi_nmse": 0.862490713596344}
{"step": 26900, "loss": -0.13890421390533447, "gradient_norm": 0.18986022472381592, "bce": -0.21766901016235352, "soft_score": 0.6659393906593323, "soft_tail": 0.4998254179954529, "csi_nmse": 0.8586604595184326}
{"step": 27000, "loss": -0.10613133013248444, "gradient_norm": 0.15015959739685059, "bce": -0.18430718779563904, "soft_score": 0.6401463150978088, "soft_tail": 0.49988237023353577, "csi_nmse": 0.8756232261657715}
{"step": 27000, "validation_score": 61.861132812499996, "best": 61.87427635192871}
{"step": 27100, "loss": -0.11904821544885635, "gradient_norm": 0.22270411252975464, "bce": -0.1975565254688263, "soft_score": 0.6506893038749695, "soft_tail": 0.4997853636741638, "csi_nmse": 0.8815147876739502}
{"step": 27200, "loss": -0.11106439679861069, "gradient_norm": 0.2191382348537445, "bce": -0.18925663828849792, "soft_score": 0.6457504630088806, "soft_tail": 0.49970096349716187, "csi_nmse": 0.8832658529281616}
{"step": 27300, "loss": -0.1341986060142517, "gradient_norm": 0.1704496443271637, "bce": -0.21308457851409912, "soft_score": 0.6609980463981628, "soft_tail": 0.4998406767845154, "csi_nmse": 0.8672517538070679}
{"step": 27400, "loss": -0.1068645715713501, "gradient_norm": 0.14820797741413116, "bce": -0.1852235198020935, "soft_score": 0.6397219300270081, "soft_tail": 0.49976032972335815, "csi_nmse": 0.8801604509353638}
{"step": 27500, "loss": -0.14147458970546722, "gradient_norm": 0.15718111395835876, "bce": -0.22041739523410797, "soft_score": 0.6675904393196106, "soft_tail": 0.49967077374458313, "csi_nmse": 0.8650224208831787}
{"step": 27600, "loss": -0.11700435727834702, "gradient_norm": 0.16094177961349487, "bce": -0.1953226625919342, "soft_score": 0.6489030718803406, "soft_tail": 0.4998752772808075, "csi_nmse": 0.8672586679458618}
{"step": 27700, "loss": -0.1184384822845459, "gradient_norm": 0.16756677627563477, "bce": -0.19680488109588623, "soft_score": 0.6498787999153137, "soft_tail": 0.49986177682876587, "csi_nmse": 0.8669629693031311}
{"step": 27800, "loss": -0.11959702521562576, "gradient_norm": 0.18576574325561523, "bce": -0.19808268547058105, "soft_score": 0.6499608755111694, "soft_tail": 0.49980035424232483, "csi_nmse": 0.8667477369308472}
{"step": 27900, "loss": -0.1278325319290161, "gradient_norm": 0.21480543911457062, "bce": -0.20650967955589294, "soft_score": 0.6559716463088989, "soft_tail": 0.4998014271259308, "csi_nmse": 0.8617388010025024}
{"step": 28000, "loss": -0.13750866055488586, "gradient_norm": 0.18802125751972198, "bce": -0.21643853187561035, "soft_score": 0.6642321348190308, "soft_tail": 0.4997723698616028, "csi_nmse": 0.8702403903007507}
{"step": 28000, "validation_score": 61.90813026428223, "best": 61.90813026428223}
{"step": 28100, "loss": -0.10924534499645233, "gradient_norm": 0.1639411896467209, "bce": -0.18800756335258484, "soft_score": 0.6421226263046265, "soft_tail": 0.49990156292915344, "csi_nmse": 0.9170774221420288}
{"step": 28200, "loss": -0.11209418624639511, "gradient_norm": 0.15430615842342377, "bce": -0.1909582018852234, "soft_score": 0.6427716016769409, "soft_tail": 0.4998249411582947, "csi_nmse": 0.9040102362632751}
{"step": 28300, "loss": -0.1034918874502182, "gradient_norm": 0.12574471533298492, "bce": -0.18186268210411072, "soft_score": 0.6369600296020508, "soft_tail": 0.4998222887516022, "csi_nmse": 0.8875194787979126}
{"step": 28400, "loss": -0.10848823934793472, "gradient_norm": 0.18317045271396637, "bce": -0.18641261756420135, "soft_score": 0.644027590751648, "soft_tail": 0.49988988041877747, "csi_nmse": 0.8682565093040466}
{"step": 28500, "loss": -0.10107248276472092, "gradient_norm": 0.15921038389205933, "bce": -0.1794988512992859, "soft_score": 0.6360904574394226, "soft_tail": 0.499820351600647, "csi_nmse": 0.9080125093460083}
{"step": 28600, "loss": -0.1129799410700798, "gradient_norm": 0.15035666525363922, "bce": -0.19152191281318665, "soft_score": 0.6461217999458313, "soft_tail": 0.4998221695423126, "csi_nmse": 0.8996630907058716}
{"step": 28700, "loss": -0.10702867060899734, "gradient_norm": 0.17681632936000824, "bce": -0.18502986431121826, "soft_score": 0.6431660056114197, "soft_tail": 0.4997340440750122, "csi_nmse": 0.8806812763214111}
{"step": 28800, "loss": -0.1067403182387352, "gradient_norm": 0.17854875326156616, "bce": -0.18524077534675598, "soft_score": 0.6413583755493164, "soft_tail": 0.49967166781425476, "csi_nmse": 0.9102364778518677}
{"step": 28900, "loss": -0.12922726571559906, "gradient_norm": 0.2451280653476715, "bce": -0.20790131390094757, "soft_score": 0.6580209732055664, "soft_tail": 0.49985089898109436, "csi_nmse": 0.8681530952453613}
{"step": 29000, "loss": -0.12112469226121902, "gradient_norm": 0.17598257958889008, "bce": -0.19976070523262024, "soft_score": 0.6509663462638855, "soft_tail": 0.49986982345581055, "csi_nmse": 0.8752665519714355}
{"step": 29000, "validation_score": 61.91478996276855, "best": 61.91478996276855}
{"step": 29100, "loss": -0.12270292639732361, "gradient_norm": 0.14454294741153717, "bce": -0.20165252685546875, "soft_score": 0.6516166925430298, "soft_tail": 0.49984872341156006, "csi_nmse": 0.8941470980644226}
{"step": 29200, "loss": -0.12567642331123352, "gradient_norm": 0.16973300278186798, "bce": -0.2042158544063568, "soft_score": 0.6557803153991699, "soft_tail": 0.4997299015522003, "csi_nmse": 0.8687758445739746}
{"step": 29300, "loss": -0.10441754758358002, "gradient_norm": 0.2176671028137207, "bce": -0.18251226842403412, "soft_score": 0.6383264064788818, "soft_tail": 0.4998847246170044, "csi_nmse": 0.8672686219215393}
{"step": 29400, "loss": -0.126223623752594, "gradient_norm": 0.15185332298278809, "bce": -0.20513305068016052, "soft_score": 0.6544743180274963, "soft_tail": 0.49983611702919006, "csi_nmse": 0.8838625550270081}
{"step": 29500, "loss": -0.12354665994644165, "gradient_norm": 0.19710282981395721, "bce": -0.20219121873378754, "soft_score": 0.6527398228645325, "soft_tail": 0.4997427761554718, "csi_nmse": 0.8691681623458862}
{"step": 29600, "loss": -0.1259186863899231, "gradient_norm": 0.23164509236812592, "bce": -0.20477944612503052, "soft_score": 0.6572687029838562, "soft_tail": 0.4997931122779846, "csi_nmse": 0.9103484153747559}
{"step": 29700, "loss": -0.11899293959140778, "gradient_norm": 0.12581871449947357, "bce": -0.1976066529750824, "soft_score": 0.6493422985076904, "soft_tail": 0.49980929493904114, "csi_nmse": 0.8781554698944092}
{"step": 29800, "loss": -0.11205094307661057, "gradient_norm": 0.18469692766666412, "bce": -0.190865620970726, "soft_score": 0.6466183066368103, "soft_tail": 0.4997844696044922, "csi_nmse": 0.9383463859558105}
{"step": 29900, "loss": -0.109291210770607, "gradient_norm": 0.1614379584789276, "bce": -0.18752603232860565, "soft_score": 0.6424357295036316, "soft_tail": 0.49982592463493347, "csi_nmse": 0.8720567226409912}
{"step": 30000, "loss": -0.1084069311618805, "gradient_norm": 0.17273199558258057, "bce": -0.1867716908454895, "soft_score": 0.6421622037887573, "soft_tail": 0.4998886287212372, "csi_nmse": 0.8900467157363892}
{"step": 30000, "validation_score": 61.92327613830566, "best": 61.92327613830566}
{"step": 30100, "loss": -0.12116219103336334, "gradient_norm": 0.15772242844104767, "bce": -0.19960883259773254, "soft_score": 0.6528797149658203, "soft_tail": 0.4998036026954651, "csi_nmse": 0.8767825961112976}
{"step": 30200, "loss": -0.1288169026374817, "gradient_norm": 0.19527094066143036, "bce": -0.20752683281898499, "soft_score": 0.6572881937026978, "soft_tail": 0.49987074732780457, "csi_nmse": 0.868218719959259}
{"step": 30300, "loss": -0.09313032031059265, "gradient_norm": 0.14799565076828003, "bce": -0.1711944043636322, "soft_score": 0.6303977966308594, "soft_tail": 0.4998035430908203, "csi_nmse": 0.8978534936904907}
{"step": 30400, "loss": -0.14667659997940063, "gradient_norm": 0.14007262885570526, "bce": -0.22559407353401184, "soft_score": 0.6699743270874023, "soft_tail": 0.49968355894088745, "csi_nmse": 0.8345999121665955}
{"step": 30500, "loss": -0.1206594929099083, "gradient_norm": 0.1724880337715149, "bce": -0.19922900199890137, "soft_score": 0.6505218148231506, "soft_tail": 0.4998851418495178, "csi_nmse": 0.8695339560508728}
{"step": 30600, "loss": -0.13058561086654663, "gradient_norm": 0.21037255227565765, "bce": -0.208963081240654, "soft_score": 0.6601746082305908, "soft_tail": 0.4998376667499542, "csi_nmse": 0.849373459815979}
{"step": 30700, "loss": -0.12930791079998016, "gradient_norm": 0.14282986521720886, "bce": -0.20801636576652527, "soft_score": 0.6562647819519043, "soft_tail": 0.4998815357685089, "csi_nmse": 0.8529743552207947}
{"step": 30800, "loss": -0.11291180551052094, "gradient_norm": 0.1993948072195053, "bce": -0.19054853916168213, "soft_score": 0.6501280665397644, "soft_tail": 0.4997011423110962, "csi_nmse": 0.8585711717605591}
{"step": 30900, "loss": -0.13251398503780365, "gradient_norm": 0.14460274577140808, "bce": -0.2111373245716095, "soft_score": 0.6608734130859375, "soft_tail": 0.49982818961143494, "csi_nmse": 0.8591787815093994}
{"step": 31000, "loss": -0.12370198965072632, "gradient_norm": 0.14648136496543884, "bce": -0.2028961032629013, "soft_score": 0.6527551412582397, "soft_tail": 0.499764084815979, "csi_nmse": 0.9172927737236023}
{"step": 31000, "validation_score": 61.93665962219238, "best": 61.93665962219238}
{"step": 31100, "loss": -0.15324322879314423, "gradient_norm": 0.17219078540802002, "bce": -0.23207883536815643, "soft_score": 0.6762697696685791, "soft_tail": 0.4998089373111725, "csi_nmse": 0.8248955607414246}
{"step": 31200, "loss": -0.1352611482143402, "gradient_norm": 0.16643033921718597, "bce": -0.21434606611728668, "soft_score": 0.6622058749198914, "soft_tail": 0.49975693225860596, "csi_nmse": 0.8863619565963745}
{"step": 31300, "loss": -0.12694181501865387, "gradient_norm": 0.16178397834300995, "bce": -0.205715149641037, "soft_score": 0.6569867134094238, "soft_tail": 0.4998832941055298, "csi_nmse": 0.8896990418434143}
{"step": 31400, "loss": -0.13278596103191376, "gradient_norm": 0.17743802070617676, "bce": -0.21160241961479187, "soft_score": 0.6598987579345703, "soft_tail": 0.4998663365840912, "csi_nmse": 0.8642072677612305}
{"step": 31500, "loss": -0.11106662452220917, "gradient_norm": 0.16791066527366638, "bce": -0.18951697647571564, "soft_score": 0.6443006992340088, "soft_tail": 0.4996855556964874, "csi_nmse": 0.8919287323951721}
{"step": 31600, "loss": -0.09640729427337646, "gradient_norm": 0.13786441087722778, "bce": -0.174589142203331, "soft_score": 0.6318343877792358, "soft_tail": 0.4998745620250702, "csi_nmse": 0.8902598023414612}
{"step": 31700, "loss": -0.13972559571266174, "gradient_norm": 0.1729506552219391, "bce": -0.2187899947166443, "soft_score": 0.6662676930427551, "soft_tail": 0.499759316444397, "csi_nmse": 0.8804942965507507}
{"step": 31800, "loss": -0.14935936033725739, "gradient_norm": 0.21731023490428925, "bce": -0.22842545807361603, "soft_score": 0.6729934215545654, "soft_tail": 0.4998035430908203, "csi_nmse": 0.8516996502876282}
{"step": 31900, "loss": -0.11083099246025085, "gradient_norm": 0.15725454688072205, "bce": -0.1893976777791977, "soft_score": 0.6435230374336243, "soft_tail": 0.49974486231803894, "csi_nmse": 0.897156298160553}
{"step": 32000, "loss": -0.09278188645839691, "gradient_norm": 0.24035723507404327, "bce": -0.17079272866249084, "soft_score": 0.6293904781341553, "soft_tail": 0.49971479177474976, "csi_nmse": 0.8862054347991943}
{"step": 32000, "validation_score": 61.93357810974121, "best": 61.93665962219238}
{"step": 32100, "loss": -0.132973775267601, "gradient_norm": 0.15322966873645782, "bce": -0.21181590855121613, "soft_score": 0.6598190069198608, "soft_tail": 0.49978381395339966, "csi_nmse": 0.8635949492454529}
{"step": 32200, "loss": -0.1382826417684555, "gradient_norm": 0.19501934945583344, "bce": -0.2169589102268219, "soft_score": 0.6648253798484802, "soft_tail": 0.4996238350868225, "csi_nmse": 0.845162570476532}
{"step": 32300, "loss": -0.1264975368976593, "gradient_norm": 0.14518789947032928, "bce": -0.20500966906547546, "soft_score": 0.6556567549705505, "soft_tail": 0.4998115301132202, "csi_nmse": 0.8571181297302246}
{"step": 32400, "loss": -0.12512975931167603, "gradient_norm": 0.14555002748966217, "bce": -0.20375919342041016, "soft_score": 0.6549562811851501, "soft_tail": 0.4996865689754486, "csi_nmse": 0.8739743232727051}
{"step": 32500, "loss": -0.12763731181621552, "gradient_norm": 0.17046625912189484, "bce": -0.2060970962047577, "soft_score": 0.6574184894561768, "soft_tail": 0.49973100423812866, "csi_nmse": 0.8583823442459106}
{"step": 32600, "loss": -0.12355019897222519, "gradient_norm": 0.12491080909967422, "bce": -0.20258702337741852, "soft_score": 0.653152585029602, "soft_tail": 0.49982354044914246, "csi_nmse": 0.9088075757026672}
{"step": 32700, "loss": -0.1319558322429657, "gradient_norm": 0.1685168594121933, "bce": -0.21086221933364868, "soft_score": 0.6584073305130005, "soft_tail": 0.4996502101421356, "csi_nmse": 0.8650397062301636}
{"step": 32800, "loss": -0.1210218295454979, "gradient_norm": 0.14282217621803284, "bce": -0.19975358247756958, "soft_score": 0.6497054696083069, "soft_tail": 0.49972036480903625, "csi_nmse": 0.871854305267334}
{"step": 32900, "loss": -0.14674414694309235, "gradient_norm": 0.1430273950099945, "bce": -0.2264435738325119, "soft_score": 0.670089840888977, "soft_tail": 0.49964889883995056, "csi_nmse": 0.9053511619567871}
{"step": 33000, "loss": -0.08569984883069992, "gradient_norm": 0.1463758945465088, "bce": -0.1635718047618866, "soft_score": 0.6246309280395508, "soft_tail": 0.4998631179332733, "csi_nmse": 0.8973761200904846}
{"step": 33000, "validation_score": 61.953220748901366, "best": 61.953220748901366}
{"step": 33100, "loss": -0.1240200400352478, "gradient_norm": 0.18938452005386353, "bce": -0.20266330242156982, "soft_score": 0.6537578105926514, "soft_tail": 0.4997302293777466, "csi_nmse": 0.8744616508483887}
{"step": 33200, "loss": -0.12445876747369766, "gradient_norm": 0.15781760215759277, "bce": -0.20296111702919006, "soft_score": 0.6541900038719177, "soft_tail": 0.4998207688331604, "csi_nmse": 0.8619855046272278}
{"step": 33300, "loss": -0.13714326918125153, "gradient_norm": 0.15398748219013214, "bce": -0.21593007445335388, "soft_score": 0.6629503965377808, "soft_tail": 0.499855637550354, "csi_nmse": 0.8484488129615784}
{"step": 33400, "loss": -0.13720732927322388, "gradient_norm": 0.23114241659641266, "bce": -0.21600331366062164, "soft_score": 0.6649318933486938, "soft_tail": 0.4997645914554596, "csi_nmse": 0.868178129196167}
{"step": 33500, "loss": -0.11966817080974579, "gradient_norm": 0.14272144436836243, "bce": -0.19825443625450134, "soft_score": 0.6501951217651367, "soft_tail": 0.49988365173339844, "csi_nmse": 0.8776841163635254}
{"step": 33600, "loss": -0.1384863555431366, "gradient_norm": 0.1521548181772232, "bce": -0.21749888360500336, "soft_score": 0.6631616353988647, "soft_tail": 0.49979355931282043, "csi_nmse": 0.8572596311569214}
{"step": 33700, "loss": -0.11704070121049881, "gradient_norm": 0.1618361622095108, "bce": -0.19578030705451965, "soft_score": 0.6474825143814087, "soft_tail": 0.4997909963130951, "csi_nmse": 0.890354335308075}
{"step": 33800, "loss": -0.1309628188610077, "gradient_norm": 0.1926574558019638, "bce": -0.21028319001197815, "soft_score": 0.6594172120094299, "soft_tail": 0.49979862570762634, "csi_nmse": 0.922773003578186}
{"step": 33900, "loss": -0.13394217193126678, "gradient_norm": 0.15929676592350006, "bce": -0.21286672353744507, "soft_score": 0.6597263216972351, "soft_tail": 0.4997006952762604, "csi_nmse": 0.8601512312889099}
{"step": 34000, "loss": -0.09787777066230774, "gradient_norm": 0.12339382618665695, "bce": -0.1761414110660553, "soft_score": 0.6338250637054443, "soft_tail": 0.4998628795146942, "csi_nmse": 0.9027886986732483}
{"step": 34000, "validation_score": 61.96338386535644, "best": 61.96338386535644}
{"step": 34100, "loss": -0.13186706602573395, "gradient_norm": 0.16706599295139313, "bce": -0.21062302589416504, "soft_score": 0.6600584983825684, "soft_tail": 0.4995819926261902, "csi_nmse": 0.868694543838501}
{"step": 34200, "loss": -0.09925522655248642, "gradient_norm": 0.135772705078125, "bce": -0.1772077977657318, "soft_score": 0.6356085538864136, "soft_tail": 0.49970898032188416, "csi_nmse": 0.8783901929855347}
{"step": 34300, "loss": -0.13618776202201843, "gradient_norm": 0.16533270478248596, "bce": -0.21481111645698547, "soft_score": 0.6630377769470215, "soft_tail": 0.4998805820941925, "csi_nmse": 0.8442447185516357}
{"step": 34400, "loss": -0.1038844883441925, "gradient_norm": 0.16584284603595734, "bce": -0.18182609975337982, "soft_score": 0.640550971031189, "soft_tail": 0.4997745156288147, "csi_nmse": 0.8807316422462463}
{"step": 34500, "loss": -0.1265728920698166, "gradient_norm": 0.18227186799049377, "bce": -0.2050705999135971, "soft_score": 0.6567060351371765, "soft_tail": 0.49979063868522644, "csi_nmse": 0.8654972314834595}
{"step": 34600, "loss": -0.11549176275730133, "gradient_norm": 0.15540340542793274, "bce": -0.1941421627998352, "soft_score": 0.6471462249755859, "soft_tail": 0.4996577501296997, "csi_nmse": 0.8940532207489014}
{"step": 34700, "loss": -0.12474408000707626, "gradient_norm": 0.14075513184070587, "bce": -0.20325851440429688, "soft_score": 0.6544082164764404, "soft_tail": 0.49983611702919006, "csi_nmse": 0.8624486327171326}
{"step": 34800, "loss": -0.1345895677804947, "gradient_norm": 0.16794049739837646, "bce": -0.21345831453800201, "soft_score": 0.6609045267105103, "soft_tail": 0.4998279809951782, "csi_nmse": 0.8608211278915405}
{"step": 34900, "loss": -0.13988329470157623, "gradient_norm": 0.18564850091934204, "bce": -0.21885842084884644, "soft_score": 0.6640172004699707, "soft_tail": 0.49966832995414734, "csi_nmse": 0.8481060266494751}
{"step": 35000, "loss": -0.1074153408408165, "gradient_norm": 0.18943998217582703, "bce": -0.18523326516151428, "soft_score": 0.643368124961853, "soft_tail": 0.49971720576286316, "csi_nmse": 0.8622919321060181}
{"step": 35000, "validation_score": 61.97402229309082, "best": 61.97402229309082}
{"step": 35100, "loss": -0.1280248761177063, "gradient_norm": 0.14124789834022522, "bce": -0.20678886771202087, "soft_score": 0.6573792695999146, "soft_tail": 0.4996833801269531, "csi_nmse": 0.8813525438308716}
{"step": 35200, "loss": -0.13269545137882233, "gradient_norm": 0.16495956480503082, "bce": -0.21142578125, "soft_score": 0.6599783301353455, "soft_tail": 0.49974361062049866, "csi_nmse": 0.8577889204025269}
{"step": 35300, "loss": -0.13019302487373352, "gradient_norm": 0.13203859329223633, "bce": -0.20918606221675873, "soft_score": 0.6570357084274292, "soft_tail": 0.4998141825199127, "csi_nmse": 0.8772425651550293}
{"step": 35400, "loss": -0.12573833763599396, "gradient_norm": 0.15791155397891998, "bce": -0.20423080027103424, "soft_score": 0.6552838683128357, "soft_tail": 0.49964413046836853, "csi_nmse": 0.8587096929550171}
{"step": 35500, "loss": -0.13993476331233978, "gradient_norm": 0.16871827840805054, "bce": -0.21876206994056702, "soft_score": 0.6667401194572449, "soft_tail": 0.49984052777290344, "csi_nmse": 0.8620328307151794}
{"step": 35600, "loss": -0.14803017675876617, "gradient_norm": 0.15313197672367096, "bce": -0.22729335725307465, "soft_score": 0.6707972288131714, "soft_tail": 0.49988314509391785, "csi_nmse": 0.8610060811042786}
{"step": 35700, "loss": -0.11558504402637482, "gradient_norm": 0.15819653868675232, "bce": -0.19397255778312683, "soft_score": 0.6474887728691101, "soft_tail": 0.499712198972702, "csi_nmse": 0.8730490803718567}
{"step": 35800, "loss": -0.11088214069604874, "gradient_norm": 0.1545209437608719, "bce": -0.18915705382823944, "soft_score": 0.6448136568069458, "soft_tail": 0.4998685419559479, "csi_nmse": 0.8836629390716553}
{"step": 35900, "loss": -0.1404706984758377, "gradient_norm": 0.17981202900409698, "bce": -0.21943716704845428, "soft_score": 0.6660460233688354, "soft_tail": 0.49980276823043823, "csi_nmse": 0.8621435165405273}
{"step": 36000, "loss": -0.13861176371574402, "gradient_norm": 0.16987358033657074, "bce": -0.21756580471992493, "soft_score": 0.6643378734588623, "soft_tail": 0.4996893107891083, "csi_nmse": 0.86219322681427}
{"step": 36000, "validation_score": 61.94649658203125, "best": 61.97402229309082}
{"step": 36100, "loss": -0.16237439215183258, "gradient_norm": 0.20588557422161102, "bce": -0.24149078130722046, "soft_score": 0.684055745601654, "soft_tail": 0.4998798966407776, "csi_nmse": 0.8369261026382446}
{"step": 36200, "loss": -0.12642714381217957, "gradient_norm": 0.15239231288433075, "bce": -0.20489013195037842, "soft_score": 0.6554408073425293, "soft_tail": 0.499801903963089, "csi_nmse": 0.8512098789215088}
{"step": 36300, "loss": -0.13737259805202484, "gradient_norm": 0.18146470189094543, "bce": -0.21620097756385803, "soft_score": 0.6632019281387329, "soft_tail": 0.4998416304588318, "csi_nmse": 0.8523707985877991}
{"step": 36400, "loss": -0.13833403587341309, "gradient_norm": 0.13173770904541016, "bce": -0.2173347771167755, "soft_score": 0.6622109413146973, "soft_tail": 0.49968022108078003, "csi_nmse": 0.8478755950927734}
{"step": 36500, "loss": -0.14515019953250885, "gradient_norm": 0.16478459537029266, "bce": -0.2241457998752594, "soft_score": 0.6688767671585083, "soft_tail": 0.49968308210372925, "csi_nmse": 0.8459175825119019}
{"step": 36600, "loss": -0.12180984765291214, "gradient_norm": 0.18238753080368042, "bce": -0.20008647441864014, "soft_score": 0.6544884443283081, "soft_tail": 0.4997512400150299, "csi_nmse": 0.8709347248077393}
{"step": 36700, "loss": -0.140753373503685, "gradient_norm": 0.14941437542438507, "bce": -0.21964427828788757, "soft_score": 0.6663957834243774, "soft_tail": 0.4997164011001587, "csi_nmse": 0.8557543754577637}
{"step": 36800, "loss": -0.14078278839588165, "gradient_norm": 0.1905403882265091, "bce": -0.21961843967437744, "soft_score": 0.665861189365387, "soft_tail": 0.4999031722545624, "csi_nmse": 0.845700204372406}
{"step": 36900, "loss": -0.127610445022583, "gradient_norm": 0.18095864355564117, "bce": -0.2063300907611847, "soft_score": 0.658094048500061, "soft_tail": 0.49982431530952454, "csi_nmse": 0.8890767097473145}
{"step": 37000, "loss": -0.10949370265007019, "gradient_norm": 0.1492851972579956, "bce": -0.187930166721344, "soft_score": 0.641909122467041, "soft_tail": 0.4997325539588928, "csi_nmse": 0.8826341032981873}
{"step": 37000, "validation_score": 61.979485702514644, "best": 61.979485702514644}
{"step": 37100, "loss": -0.11546429991722107, "gradient_norm": 0.1822100728750229, "bce": -0.1937851756811142, "soft_score": 0.648639976978302, "soft_tail": 0.4998505711555481, "csi_nmse": 0.8801864385604858}
{"step": 37200, "loss": -0.12271255254745483, "gradient_norm": 0.12561571598052979, "bce": -0.2015179544687271, "soft_score": 0.6510815024375916, "soft_tail": 0.49970296025276184, "csi_nmse": 0.8752834796905518}
{"step": 37300, "loss": -0.12546199560165405, "gradient_norm": 0.1575722098350525, "bce": -0.2039167881011963, "soft_score": 0.6556799411773682, "soft_tail": 0.499843955039978, "csi_nmse": 0.8626412153244019}
{"step": 37400, "loss": -0.09670396149158478, "gradient_norm": 0.1940535008907318, "bce": -0.1747068166732788, "soft_score": 0.6340388059616089, "soft_tail": 0.4997226893901825, "csi_nmse": 0.8927735090255737}
{"step": 37500, "loss": -0.11814998835325241, "gradient_norm": 0.130080908536911, "bce": -0.1968601644039154, "soft_score": 0.6484246850013733, "soft_tail": 0.49978020787239075, "csi_nmse": 0.8860027194023132}
{"step": 37600, "loss": -0.10897237062454224, "gradient_norm": 0.13707205653190613, "bce": -0.1877995729446411, "soft_score": 0.6394883394241333, "soft_tail": 0.4997980296611786, "csi_nmse": 0.899000883102417}
{"step": 37700, "loss": -0.10372692346572876, "gradient_norm": 0.17527756094932556, "bce": -0.18178749084472656, "soft_score": 0.6394778490066528, "soft_tail": 0.49908527731895447, "csi_nmse": 0.8802170753479004}
{"step": 37800, "loss": -0.1451975554227829, "gradient_norm": 0.19993939995765686, "bce": -0.2242344319820404, "soft_score": 0.6679548621177673, "soft_tail": 0.4997946619987488, "csi_nmse": 0.8402766585350037}
{"step": 37900, "loss": -0.11279933154582977, "gradient_norm": 0.14032888412475586, "bce": -0.19124777615070343, "soft_score": 0.6457207798957825, "soft_tail": 0.49986597895622253, "csi_nmse": 0.889172375202179}
{"step": 38000, "loss": -0.12803243100643158, "gradient_norm": 0.18725910782814026, "bce": -0.2070649117231369, "soft_score": 0.655320405960083, "soft_tail": 0.499782919883728, "csi_nmse": 0.885150671005249}
{"step": 38000, "validation_score": 61.98298377990722, "best": 61.98298377990722}
{"step": 38100, "loss": -0.1448339819908142, "gradient_norm": 0.16777552664279938, "bce": -0.22427703440189362, "soft_score": 0.6698092222213745, "soft_tail": 0.49973252415657043, "csi_nmse": 0.8988233804702759}
{"step": 38200, "loss": -0.10385803133249283, "gradient_norm": 0.1535906195640564, "bce": -0.18212932348251343, "soft_score": 0.6389404535293579, "soft_tail": 0.4998887777328491, "csi_nmse": 0.8949062824249268}
{"step": 38300, "loss": -0.11451069265604019, "gradient_norm": 0.16872313618659973, "bce": -0.19311895966529846, "soft_score": 0.6470448970794678, "soft_tail": 0.4997398257255554, "csi_nmse": 0.8993040323257446}
{"step": 38400, "loss": -0.1210237443447113, "gradient_norm": 0.15668632090091705, "bce": -0.1996631622314453, "soft_score": 0.6500998139381409, "soft_tail": 0.499789297580719, "csi_nmse": 0.867675244808197}
{"step": 38500, "loss": -0.07999272644519806, "gradient_norm": 0.2198534607887268, "bce": -0.1574193835258484, "soft_score": 0.6218075156211853, "soft_tail": 0.4997076690196991, "csi_nmse": 0.8856691718101501}
{"step": 38600, "loss": -0.12663862109184265, "gradient_norm": 0.19376423954963684, "bce": -0.20529204607009888, "soft_score": 0.6554345488548279, "soft_tail": 0.49982506036758423, "csi_nmse": 0.866242527961731}
{"step": 38700, "loss": -0.09651341289281845, "gradient_norm": 0.1619202047586441, "bce": -0.17445550858974457, "soft_score": 0.6322100162506104, "soft_tail": 0.4997819662094116, "csi_nmse": 0.8711004257202148}
{"step": 38800, "loss": -0.14586806297302246, "gradient_norm": 0.18192952871322632, "bce": -0.2245788276195526, "soft_score": 0.6724046468734741, "soft_tail": 0.4997452199459076, "csi_nmse": 0.8485699892044067}
{"step": 38900, "loss": -0.13548488914966583, "gradient_norm": 0.16379666328430176, "bce": -0.21410459280014038, "soft_score": 0.6631281971931458, "soft_tail": 0.4998364746570587, "csi_nmse": 0.8517163991928101}
{"step": 39000, "loss": -0.12841607630252838, "gradient_norm": 0.1874295175075531, "bce": -0.20732909440994263, "soft_score": 0.6557018160820007, "soft_tail": 0.4997245967388153, "csi_nmse": 0.874203622341156}
{"step": 39000, "validation_score": 61.98964881896973, "best": 61.98964881896973}
{"step": 39100, "loss": -0.10133835673332214, "gradient_norm": 0.154910147190094, "bce": -0.17931756377220154, "soft_score": 0.6383445262908936, "soft_tail": 0.49989053606987, "csi_nmse": 0.8878616094589233}
{"step": 39200, "loss": -0.11496682465076447, "gradient_norm": 0.17921797931194305, "bce": -0.1933528482913971, "soft_score": 0.6488274335861206, "soft_tail": 0.4997240900993347, "csi_nmse": 0.8925210237503052}
{"step": 39300, "loss": -0.13483530282974243, "gradient_norm": 0.1666504293680191, "bce": -0.21373823285102844, "soft_score": 0.661446213722229, "soft_tail": 0.49968624114990234, "csi_nmse": 0.8664308190345764}
{"step": 39400, "loss": -0.10037509351968765, "gradient_norm": 0.1892968863248825, "bce": -0.1785905659198761, "soft_score": 0.6359982490539551, "soft_tail": 0.49968910217285156, "csi_nmse": 0.8946908712387085}
{"step": 39500, "loss": -0.11614565551280975, "gradient_norm": 0.17536883056163788, "bce": -0.19447356462478638, "soft_score": 0.6497268676757812, "soft_tail": 0.49957510828971863, "csi_nmse": 0.884049654006958}
{"step": 39600, "loss": -0.11131203174591064, "gradient_norm": 0.15512414276599884, "bce": -0.18964892625808716, "soft_score": 0.6438815593719482, "soft_tail": 0.49988290667533875, "csi_nmse": 0.8756630420684814}
{"step": 39700, "loss": -0.1248873770236969, "gradient_norm": 0.15321512520313263, "bce": -0.20392802357673645, "soft_score": 0.6521341800689697, "soft_tail": 0.49964654445648193, "csi_nmse": 0.885064959526062}
{"step": 39800, "loss": -0.12372701615095139, "gradient_norm": 0.15095706284046173, "bce": -0.20217013359069824, "soft_score": 0.6531006097793579, "soft_tail": 0.4999282658100128, "csi_nmse": 0.853400468826294}
{"step": 39900, "loss": -0.13776609301567078, "gradient_norm": 0.15792803466320038, "bce": -0.21637269854545593, "soft_score": 0.664168119430542, "soft_tail": 0.4998060464859009, "csi_nmse": 0.8380317687988281}
{"step": 40000, "loss": -0.12559537589550018, "gradient_norm": 0.17920134961605072, "bce": -0.20447123050689697, "soft_score": 0.6552519798278809, "soft_tail": 0.4998909533023834, "csi_nmse": 0.895064115524292}
{"step": 40000, "validation_score": 61.979875564575195, "best": 61.98964881896973}
