/Users/limzero/workspace/comp2026/6g-ai-challenge/analysis/finetune_v6.py:83: UserWarning: Converting a tensor with requires_grad=True to a scalar may lead to unexpected behavior.
Consider using tensor.detach() first. (Triggered internally at /Users/runner/work/pytorch/pytorch/torch/csrc/autograd/generated/python_variable_methods.cpp:821.)
  rec = {"step": step, "loss": float(loss), **stats}
{"step": 1, "loss": 0.32722267508506775, "bce": 0.327206552028656, "soft_score": 0.5812762379646301, "soft_tail": 0.49960386753082275}
{"step": 500, "loss": -0.029453635215759277, "bce": -0.05119571462273598, "soft_score": 0.549001157283783, "soft_tail": 0.4997740387916565}
{"step": 1000, "loss": -0.014337414875626564, "bce": -0.05770375579595566, "soft_score": 0.5573066473007202, "soft_tail": 0.49967333674430847}
{"step": 1500, "loss": 0.004813436418771744, "bce": -0.06013946235179901, "soft_score": 0.5606952905654907, "soft_tail": 0.4997173547744751}
{"step": 2000, "loss": 0.002344365231692791, "bce": -0.06263427436351776, "soft_score": 0.5629170536994934, "soft_tail": 0.499769389629364}
{"step": 2500, "loss": 0.00010363385081291199, "bce": -0.06480345129966736, "soft_score": 0.5657274723052979, "soft_tail": 0.5000172257423401}
{"step": 2500, "val_score": 60.69093856811523, "eff": 64.6031265258789, "p10": 51.5625}
{"step": 3000, "loss": 0.00238173920661211, "bce": -0.06262138485908508, "soft_score": 0.5625748634338379, "soft_tail": 0.500050961971283}
{"step": 3500, "loss": -0.0050273556262254715, "bce": -0.07014196366071701, "soft_score": 0.5688261985778809, "soft_tail": 0.500565767288208}
{"step": 4000, "loss": -0.0007978659123182297, "bce": -0.06571818888187408, "soft_score": 0.5663583278656006, "soft_tail": 0.5005221962928772}
{"step": 4500, "loss": -0.004632966592907906, "bce": -0.0696854293346405, "soft_score": 0.5687944293022156, "soft_tail": 0.5012212991714478}
{"step": 5000, "loss": -0.00513276644051075, "bce": -0.07024841010570526, "soft_score": 0.5690854787826538, "soft_tail": 0.5000216364860535}
{"step": 5000, "val_score": 61.30679588317871, "eff": 65.3713150024414, "p10": 51.82291793823242}
{"step": 5500, "loss": -0.003685791976749897, "bce": -0.06852748990058899, "soft_score": 0.5700774192810059, "soft_tail": 0.500110387802124}
{"step": 6000, "loss": -0.0016809161752462387, "bce": -0.06656309962272644, "soft_score": 0.5675443410873413, "soft_tail": 0.5006564259529114}
{"step": 6500, "loss": -0.00908727664500475, "bce": -0.07420767098665237, "soft_score": 0.5727578401565552, "soft_tail": 0.5008198022842407}
{"step": 7000, "loss": -0.010350340977311134, "bce": -0.07532788068056107, "soft_score": 0.5751839280128479, "soft_tail": 0.5012286305427551}
{"step": 7500, "loss": -0.005516864359378815, "bce": -0.07053376734256744, "soft_score": 0.5700622200965881, "soft_tail": 0.5010083913803101}
{"step": 7500, "val_score": 61.579236602783205, "eff": 65.68611145019531, "p10": 51.99652862548828}
{"step": 8000, "loss": -0.01379538793116808, "bce": -0.07878672331571579, "soft_score": 0.5783969759941101, "soft_tail": 0.5015881061553955}
{"step": 8500, "loss": -0.010988066904246807, "bce": -0.07586686313152313, "soft_score": 0.5767835378646851, "soft_tail": 0.5009846687316895}
{"step": 9000, "loss": -0.011451741680502892, "bce": -0.07637571543455124, "soft_score": 0.576934278011322, "soft_tail": 0.500672459602356}
{"step": 9500, "loss": -0.006826293654739857, "bce": -0.0718701034784317, "soft_score": 0.5711967945098877, "soft_tail": 0.5007840394973755}
{"step": 10000, "loss": -0.003915107809007168, "bce": -0.06883933395147324, "soft_score": 0.569396436214447, "soft_tail": 0.5006688833236694}
{"step": 10000, "val_score": 61.67390937805175, "eff": 65.7841567993164, "p10": 52.08333206176758}
{"step": 10500, "loss": -0.009428143501281738, "bce": -0.07445068657398224, "soft_score": 0.5737118721008301, "soft_tail": 0.5017112493515015}
{"step": 11000, "loss": -0.01125376857817173, "bce": -0.07605603337287903, "soft_score": 0.5772870182991028, "soft_tail": 0.5024878978729248}
{"step": 11500, "loss": -0.007532522082328796, "bce": -0.07254546880722046, "soft_score": 0.5720933675765991, "soft_tail": 0.5010754466056824}
{"step": 12000, "loss": -0.01145089603960514, "bce": -0.07647291570901871, "soft_score": 0.576063334941864, "soft_tail": 0.5006312131881714}
{"step": 12500, "loss": -0.007357251830399036, "bce": -0.07223811745643616, "soft_score": 0.5730299353599548, "soft_tail": 0.5013319253921509}
{"step": 12500, "val_score": 61.63243255615234, "eff": 65.79930877685547, "p10": 51.90972137451172}
{"step": 13000, "loss": -0.008487628772854805, "bce": -0.07352305948734283, "soft_score": 0.5728687047958374, "soft_tail": 0.5010002851486206}
{"step": 13500, "loss": -0.00899569783359766, "bce": -0.07393154501914978, "soft_score": 0.5743120312690735, "soft_tail": 0.5008703470230103}
{"step": 14000, "loss": -0.009657803922891617, "bce": -0.07463973015546799, "soft_score": 0.574500560760498, "soft_tail": 0.5010665059089661}
{"step": 14500, "loss": -0.01197625882923603, "bce": -0.07695002108812332, "soft_score": 0.5766998529434204, "soft_tail": 0.5017085671424866}
{"step": 15000, "loss": -0.004280391149222851, "bce": -0.06910523772239685, "soft_score": 0.5705822706222534, "soft_tail": 0.5009151101112366}
{"step": 15000, "val_score": 61.64689483642578, "eff": 65.8199691772461, "p10": 51.90972137451172}
{"done": true, "best": 61.67390937805175}
{
  "efficiency": 65.76197052001953,
  "fairness_p10": 51.90972137451172,
  "score": 61.60629577636718,
  "channel_rows": 2000,
  "repeats": 3,
  "seed": 271828,
  "batch_size": 1,
  "seconds": 66.07560404100514,
  "pairing_note": "Use identical rows, seed, repeats AND batch_size for paired model comparison",
  "milliseconds_per_two_user_block": 11.012600673500856,
  "timing_note": "Includes data transfer/loading; hardware-specific, not platform timing",
  "per_user": [
    {
      "efficiency": 65.72845458984375,
      "fairness_p10": 51.82291793823242,
      "score": 61.55679359436035
    },
    {
      "efficiency": 65.79548645019531,
      "fairness_p10": 51.99652862548828,
      "score": 61.6557991027832
    }
  ],
  "snr_bins": {
    "[-20,-15)": {
      "efficiency": 51.892127990722656,
      "fairness_p10": 49.30555725097656,
      "score": 51.11615676879883,
      "count": 1436
    },
    "[-15,-10)": {
      "efficiency": 54.96220779418945,
      "fairness_p10": 50.78125,
      "score": 53.707920455932616,
      "count": 1512
    },
    "[-10,-5)": {
      "efficiency": 60.6396598815918,
      "fairness_p10": 53.38541793823242,
      "score": 58.46338729858398,
      "count": 1489
    },
    "[-5,0)": {
      "efficiency": 65.51040649414062,
      "fairness_p10": 57.56944274902344,
      "score": 63.128117370605466,
      "count": 1493
    },
    "[0,5)": {
      "efficiency": 70.70684051513672,
      "fairness_p10": 65.19097137451172,
      "score": 69.05207977294921,
      "count": 1601
    },
    "[5,10)": {
      "efficiency": 73.23135375976562,
      "fairness_p10": 70.05208587646484,
      "score": 72.27757339477539,
      "count": 1478
    },
    "[10,15)": {
      "efficiency": 74.10074615478516,
      "fairness_p10": 72.30902862548828,
      "score": 73.56323089599609,
      "count": 1472
    },
    "[15,20)": {
      "efficiency": 74.33201599121094,
      "fairness_p10": 73.09027862548828,
      "score": 73.95949478149413,
      "count": 1519
    }
  },
  "prefix_lengths": {
    "1152": 12000
  },
  "cluster_bootstrap_95pct": {
    "efficiency": [
      65.57543468475342,
      65.92476139068603
    ],
    "fairness_p10": [
      51.73611068725586,
      52.08333206176758
    ],
    "score": [
      61.44239377975463,
      61.76162161827087
    ]
  },
  "split": "val",
  "split_metadata": {
    "seed": 20260918,
    "mode": "random",
    "groups": null,
    "sampled_sha256": "28303736b72bd29286c8c4271f0ecc67aad643e19ff7f2b25d1bbc957a5421d0",
    "n": 100000,
    "warning": "Sampled fingerprint, not a complete file hash; no scenario IDs supplied"
  },
  "design": "models/modelDesign_v6.py",
  "weights": "experiments/v6_finetune_ladder/best"
}
=== V6 LADDER DONE ===
